 untitled_sfun

 Timestamp is 5bbb9ea3 (Mon Oct 08 20:14:59 2018)

 Preferred load address is 0000000180000000

 Start         Length     Name                   Class
 0001:00000000 0000dd82H .text$mn                CODE
 0001:0000dd90 0000007bH .text$x                 CODE
 0002:00000000 00000448H .idata$5                DATA
 0002:00000448 00000008H .CRT$XCA                DATA
 0002:00000450 00000008H .CRT$XCZ                DATA
 0002:00000458 00000008H .CRT$XIA                DATA
 0002:00000460 00000008H .CRT$XIAA               DATA
 0002:00000468 00000008H .CRT$XIC                DATA
 0002:00000470 00000008H .CRT$XIZ                DATA
 0002:00000480 00000170H .rdata                  DATA
 0002:000005f0 00000008H .rtc$IAA                DATA
 0002:000005f8 00000008H .rtc$IZZ                DATA
 0002:00000600 00000008H .rtc$TAA                DATA
 0002:00000608 00000008H .rtc$TZZ                DATA
 0002:00000610 0000076cH .xdata                  DATA
 0002:00000d80 00000053H .edata                  DATA
 0002:00000dd4 00000078H .idata$2                DATA
 0002:00000e4c 00000014H .idata$3                DATA
 0002:00000e60 00000448H .idata$4                DATA
 0002:000012a8 00000c74H .idata$6                DATA
 0003:00000000 00002928H .data                   DATA
 0003:00002930 000015f8H .bss                    DATA
 0004:00000000 00000900H .pdata                  DATA

  Address         Publics by Value              Rva+Base               Lib:Object

 0000:00000000       __guard_fids_count         0000000000000000     <absolute>
 0000:00000000       ___safe_se_handler_count   0000000000000000     <absolute>
 0000:00000000       ___safe_se_handler_table   0000000000000000     <absolute>
 0000:00000000       __guard_fids_table         0000000000000000     <absolute>
 0000:00000000       __guard_flags              0000000000000000     <absolute>
 0000:00000000       __ImageBase                0000000180000000     <linker-defined>
 0001:00000000       untitled_initializer       0000000180001000 f   untitled_sfun.obj
 0001:00000010       untitled_terminator        0000000180001010 f   untitled_sfun.obj
 0001:00000020       load_untitled_optimization_info 0000000180001020 f   untitled_sfun.obj
 0001:000000d0       unload_untitled_optimization_info 00000001800010d0 f   untitled_sfun.obj
 0001:00000100       sf_untitled_method_dispatcher 0000000180001100 f   untitled_sfun.obj
 0001:00000150       sf_untitled_process_check_sum_call 0000000180001150 f   untitled_sfun.obj
 0001:00000640       sf_untitled_autoinheritance_info 0000000180001640 f   untitled_sfun.obj
 0001:00000820       sf_untitled_get_eml_resolved_functions_info 0000000180001820 f   untitled_sfun.obj
 0001:000009a0       sf_untitled_third_party_uses_info 00000001800019a0 f   untitled_sfun.obj
 0001:00000b70       sf_untitled_jit_fallback_info 0000000180001b70 f   untitled_sfun.obj
 0001:00000d40       sf_untitled_updateBuildInfo_args_info 0000000180001d40 f   untitled_sfun.obj
 0001:00000f10       untitled_debug_initialize  0000000180001f10 f   untitled_sfun.obj
 0001:00000f90       untitled_register_exported_symbols 0000000180001f90 f   untitled_sfun.obj
 0001:00000fa0       sf_c1_untitled_get_eml_resolved_functions_info 0000000180001fa0 f   c1_untitled.obj
 0001:00001020       sf_c1_untitled_get_check_sum 0000000180002020 f   c1_untitled.obj
 0001:000010f0       c1_untitled_method_dispatcher 00000001800020f0 f   c1_untitled.obj
 0001:000029e0       sf_c1_untitled_get_post_codegen_info 00000001800039e0 f   c1_untitled.obj
 0001:00002ab0       sf_c1_untitled_get_autoinheritance_info 0000000180003ab0 f   c1_untitled.obj
 0001:00002f50       sf_c1_untitled_third_party_uses_info 0000000180003f50 f   c1_untitled.obj
 0001:00002f80       sf_c1_untitled_jit_fallback_info 0000000180003f80 f   c1_untitled.obj
 0001:00003110       sf_c1_untitled_updateBuildInfo_args_info 0000000180004110 f   c1_untitled.obj
 0001:00003d80       mexFunction                0000000180004d80 f   untitled_sfun_registry.obj
 0001:00006360       _ssSetInputPortDirectFeedThroughFcn 0000000180007360 f   untitled_sfun_registry.obj
 0001:000064d0       _ssGetInputPortSignalPtrsFcn 00000001800074d0 f   untitled_sfun_registry.obj
 0001:00006860       _ssGetInputPortSignalFcn   0000000180007860 f   untitled_sfun_registry.obj
 0001:00006bf0       _ssSetInputPortReusableFcn 0000000180007bf0 f   untitled_sfun_registry.obj
 0001:00006cf0       _ssSetOutputPortReusableFcn 0000000180007cf0 f   untitled_sfun_registry.obj
 0001:00006df0       _ssSetSymbolicDimsSupport  0000000180007df0 f   untitled_sfun_registry.obj
 0001:00006e60       _ssRegisterSymbolicDimsExpr 0000000180007e60 f   untitled_sfun_registry.obj
 0001:00006ee0       _ssRegisterSymbolicDims    0000000180007ee0 f   untitled_sfun_registry.obj
 0001:00006f80       _ssRegisterSymbolicDimsString 0000000180007f80 f   untitled_sfun_registry.obj
 0001:00007000       _ssRegisterSymbolicDimsIntValue 0000000180008000 f   untitled_sfun_registry.obj
 0001:00007070       _ssRegisterSymbolicDimsPlus 0000000180008070 f   untitled_sfun_registry.obj
 0001:000070f0       _ssRegisterSymbolicDimsMinus 00000001800080f0 f   untitled_sfun_registry.obj
 0001:00007170       _ssRegisterSymbolicDimsMultiply 0000000180008170 f   untitled_sfun_registry.obj
 0001:000071f0       _ssRegisterSymbolicDimsDivide 00000001800081f0 f   untitled_sfun_registry.obj
 0001:00007270       _ssGetNumSymbolicDims      0000000180008270 f   untitled_sfun_registry.obj
 0001:000072e0       _ssGetSymbolicDim          00000001800082e0 f   untitled_sfun_registry.obj
 0001:00007360       _ssSetInputPortSymbolicDimsId 0000000180008360 f   untitled_sfun_registry.obj
 0001:000073d0       _ssGetCompInputPortSymbolicDimsId 00000001800083d0 f   untitled_sfun_registry.obj
 0001:00007440       _ssSetCompInputPortSymbolicDimsId 0000000180008440 f   untitled_sfun_registry.obj
 0001:000074b0       _ssSetOutputPortSymbolicDimsId 00000001800084b0 f   untitled_sfun_registry.obj
 0001:00007520       _ssGetCompOutputPortSymbolicDimsId 0000000180008520 f   untitled_sfun_registry.obj
 0001:00007590       _ssSetCompOutputPortSymbolicDimsId 0000000180008590 f   untitled_sfun_registry.obj
 0001:00007600       _ssSetCompDWorkSymbolicDimsId 0000000180008600 f   untitled_sfun_registry.obj
 0001:00007670       ssGetIsZeroCrossControlDisabled 0000000180008670 f   untitled_sfun_registry.obj
 0001:000076e0       ssSetIsInputPortUsedForContZcSignal 00000001800086e0 f   untitled_sfun_registry.obj
 0001:00007750       ssSetZcSignalIsZcElementDisc 0000000180008750 f   untitled_sfun_registry.obj
 0001:00007800       ssSetZcSignalName          0000000180008800 f   untitled_sfun_registry.obj
 0001:00007870       ssSetZcSignalWidth         0000000180008870 f   untitled_sfun_registry.obj
 0001:000078e0       ssSetZcSignalZcEventType   00000001800088e0 f   untitled_sfun_registry.obj
 0001:00007950       ssSetZcSignalType          0000000180008950 f   untitled_sfun_registry.obj
 0001:000079c0       ssSetZcSignalZcTol         00000001800089c0 f   untitled_sfun_registry.obj
 0001:00007a30       ssSetZcSignalNeedsEventNotification 0000000180008a30 f   untitled_sfun_registry.obj
 0001:00007aa0       ssCreateAndAddZcSignalInfo 0000000180008aa0 f   untitled_sfun_registry.obj
 0001:00007b10       ssCloneAndAddZcSignalInfo  0000000180008b10 f   untitled_sfun_registry.obj
 0001:00007b80       ssGetNumZcSignals          0000000180008b80 f   untitled_sfun_registry.obj
 0001:00007bf0       ssGetZcSignalVector        0000000180008bf0 f   untitled_sfun_registry.obj
 0001:00007c60       ssGetZcSignalName          0000000180008c60 f   untitled_sfun_registry.obj
 0001:00007cd0       ssGetZcSignalWidth         0000000180008cd0 f   untitled_sfun_registry.obj
 0001:00007d40       ssGetZcSignalZcEventType   0000000180008d40 f   untitled_sfun_registry.obj
 0001:00007db0       ssGetZcSignalZcEvents      0000000180008db0 f   untitled_sfun_registry.obj
 0001:00007e20       ssGetZcSignalType          0000000180008e20 f   untitled_sfun_registry.obj
 0001:00007e90       ssGetZcSignalZcTol         0000000180008e90 f   untitled_sfun_registry.obj
 0001:00007f10       ssGetZcSignalNeedsEventNotification 0000000180008f10 f   untitled_sfun_registry.obj
 0001:00007f80       ssGetZcSignalIsZcElementDisc 0000000180008f80 f   untitled_sfun_registry.obj
 0001:00008020       ssGetIsInputPortElementContinuous 0000000180009020 f   untitled_sfun_registry.obj
 0001:000080c0       _ssSetIWorkValueFcn        00000001800090c0 f   untitled_sfun_registry.obj
 0001:00008140       _ssGetIWorkValueFcn        0000000180009140 f   untitled_sfun_registry.obj
 0001:000081b0       _ssSetRWorkValueFcn        00000001800091b0 f   untitled_sfun_registry.obj
 0001:00008230       _ssGetRWorkValueFcn        0000000180009230 f   untitled_sfun_registry.obj
 0001:000082a0       _ssSetPWorkValueFcn        00000001800092a0 f   untitled_sfun_registry.obj
 0001:00008320       _ssGetPWorkValueFcn        0000000180009320 f   untitled_sfun_registry.obj
 0001:00008390       ssGetDTypeIdFromMxArray    0000000180009390 f   untitled_sfun_registry.obj
 0001:000084b0       ssWriteRTWStr              00000001800094b0 f   untitled_sfun_registry.obj
 0001:00008510       ssWriteRTWNameValuePair    0000000180009510 f   untitled_sfun_registry.obj
 0001:00008a10       ssWriteRTWParamSettings    0000000180009a10 f   untitled_sfun_registry.obj
 0001:00009100       ssWriteRTWParameters       000000018000a100 f   untitled_sfun_registry.obj
 0001:000096d0       ssWriteRTWWorkVect         000000018000a6d0 f   untitled_sfun_registry.obj
 0001:00009c30       ssWriteRTWMxVectParam      000000018000ac30 f   untitled_sfun_registry.obj
 0001:00009cb0       ssWriteRTWMx2dMatParam     000000018000acb0 f   untitled_sfun_registry.obj
 0001:00009d40       _ssSetInputPortMatrixDimensions 000000018000ad40 f   untitled_sfun_registry.obj
 0001:00009e60       _ssSetOutputPortMatrixDimensions 000000018000ae60 f   untitled_sfun_registry.obj
 0001:00009f80       _ssSetInputPortVectorDimension 000000018000af80 f   untitled_sfun_registry.obj
 0001:0000a030       _ssSetOutputPortVectorDimension 000000018000b030 f   untitled_sfun_registry.obj
 0001:0000a0e0       ssIsRunTimeParamTunable    000000018000b0e0 f   untitled_sfun_registry.obj
 0001:0000a150       ssGetSFuncBlockHandle      000000018000b150 f   untitled_sfun_registry.obj
 0001:0000a1c0       _ssGetCurrentInputPortWidth 000000018000b1c0 f   untitled_sfun_registry.obj
 0001:0000a2e0       _ssGetCurrentOutputPortWidth 000000018000b2e0 f   untitled_sfun_registry.obj
 0001:0000a400       _ssGetCallSystemNumFcnCallDestinations 000000018000b400 f   untitled_sfun_registry.obj
 0001:0000a470       ssGetParameterTuningCompliance 000000018000b470 f   untitled_sfun_registry.obj
 0001:0000a4e0       ssWarning                  000000018000b4e0 f   untitled_sfun_registry.obj
 0001:0000a5d0       _ssGetAbsTol               000000018000b5d0 f   untitled_sfun_registry.obj
 0001:0000a640       _ssSetStateAbsTol          000000018000b640 f   untitled_sfun_registry.obj
 0001:0000a720       sf_process_check_sum_call  000000018000b720 f   untitled_sfun_registry.obj
 0001:0000a770       sf_process_autoinheritance_call 000000018000b770 f   untitled_sfun_registry.obj
 0001:0000a9a0       sf_process_get_third_party_uses_info_call 000000018000b9a0 f   untitled_sfun_registry.obj
 0001:0000abd0       sf_process_get_jit_fallback_info_call 000000018000bbd0 f   untitled_sfun_registry.obj
 0001:0000ae00       sf_process_get_updateBuildInfo_args_info_call 000000018000be00 f   untitled_sfun_registry.obj
 0001:0000b030       sf_process_get_eml_resolved_functions_info_call 000000018000c030 f   untitled_sfun_registry.obj
 0001:0000b230       sf_mex_unlock_call         000000018000c230 f   untitled_sfun_registry.obj
 0001:0000b4d0       sf_machine_global_initializer_called 000000018000c4d0 f   untitled_sfun_registry.obj
 0001:0000b500       sf_machine_global_method_dispatcher 000000018000c500 f   untitled_sfun_registry.obj
 0001:0000b560       sf_machine_global_terminator 000000018000c560 f   untitled_sfun_registry.obj
 0001:0000b5b0       sf_register_machine_exported_symbols 000000018000c5b0 f   untitled_sfun_registry.obj
 0001:0000b5d0       callCustomFcn              000000018000c5d0 f   untitled_sfun_registry.obj
 0001:0000b5e0       sf_machine_global_initializer 000000018000c5e0 f   untitled_sfun_registry.obj
 0001:0000b660       mdlGetSimState             000000018000c660 f   untitled_sfun_registry.obj
 0001:0000b6a0       mdlSetSimState             000000018000c6a0 f   untitled_sfun_registry.obj
 0001:0000bf10       ProcessMexSfunctionEveryCall 000000018000cf10 f   untitled_sfun_registry.obj
 0001:0000cf7c       sf_load_rtw_optimization_info 000000018000df7c f   sf_runtime:sf_runtime.dll
 0001:0000cf82       sf_debug_initialize_machine 000000018000df82 f   sf_runtime:sf_runtime.dll
 0001:0000cf88       sf_debug_set_machine_event_thresholds 000000018000df88 f   sf_runtime:sf_runtime.dll
 0001:0000cf8e       sf_debug_set_machine_data_thresholds 000000018000df8e f   sf_runtime:sf_runtime.dll
 0001:0000cf94       sf_init_ChartRunTimeInfo   000000018000df94 f   sf_runtime:sf_runtime.dll
 0001:0000cf9a       sf_free_ChartRunTimeInfo   000000018000df9a f   sf_runtime:sf_runtime.dll
 0001:0000cfa0       sfrtGetEmlrtCtx            000000018000dfa0 f   sf_runtime:sf_runtime.dll
 0001:0000cfa6       sf_get_chart_instance_ptr  000000018000dfa6 f   sf_runtime:sf_runtime.dll
 0001:0000cfac       sf_rtw_info_uint_prop      000000018000dfac f   sf_runtime:sf_runtime.dll
 0001:0000cfb2       sf_update_buildInfo        000000018000dfb2 f   sf_runtime:sf_runtime.dll
 0001:0000cfb8       sf_is_chart_inlinable      000000018000dfb8 f   sf_runtime:sf_runtime.dll
 0001:0000cfbe       sf_mark_chart_reusable_outputs 000000018000dfbe f   sf_runtime:sf_runtime.dll
 0001:0000cfc4       sf_mark_chart_expressionable_inputs 000000018000dfc4 f   sf_runtime:sf_runtime.dll
 0001:0000cfca       sim_mode_is_rtw_gen        000000018000dfca f   sf_runtime:sf_runtime.dll
 0001:0000cfd0       sim_mode_is_external       000000018000dfd0 f   sf_runtime:sf_runtime.dll
 0001:0000cfd6       sim_mode_is_modelref_sim   000000018000dfd6 f   sf_runtime:sf_runtime.dll
 0001:0000cfdc       sf_clear_rtw_identifier    000000018000dfdc f   sf_runtime:sf_runtime.dll
 0001:0000cfe2       sf_set_rtw_dwork_info      000000018000dfe2 f   sf_runtime:sf_runtime.dll
 0001:0000cfe8       sf_get_time                000000018000dfe8 f   sf_runtime:sf_runtime.dll
 0001:0000cfee       sf_is_first_init_cond      000000018000dfee f   sf_runtime:sf_runtime.dll
 0001:0000cff4       sf_set_chart_accesses_machine_info 000000018000dff4 f   sf_runtime:sf_runtime.dll
 0001:0000cffa       sf_register_codegen_names_for_scoped_functions_defined_by_chart 000000018000dffa f   sf_runtime:sf_runtime.dll
 0001:0000d000       sf_mex_error_message       000000018000e000 f   sf_runtime:sf_runtime.dll
 0001:0000d006       sf_mex_create              000000018000e006 f   sf_runtime:sf_runtime.dll
 0001:0000d00c       sf_mex_createcellmatrix    000000018000e00c f   sf_runtime:sf_runtime.dll
 0001:0000d012       sf_mex_setcell             000000018000e012 f   sf_runtime:sf_runtime.dll
 0001:0000d018       sf_mex_getcell             000000018000e018 f   sf_runtime:sf_runtime.dll
 0001:0000d01e       sf_mex_assign              000000018000e01e f   sf_runtime:sf_runtime.dll
 0001:0000d024       sf_mex_dup                 000000018000e024 f   sf_runtime:sf_runtime.dll
 0001:0000d02a       sf_mex_destroy             000000018000e02a f   sf_runtime:sf_runtime.dll
 0001:0000d030       sf_mex_import              000000018000e030 f   sf_runtime:sf_runtime.dll
 0001:0000d036       sf_mex_decode_encoded_mx_struct_array 000000018000e036 f   sf_runtime:sf_runtime.dll
 0001:0000d03c       ssGetInputPortSignal_wrapper 000000018000e03c f   sf_runtime:sf_runtime.dll
 0001:0000d042       ssGetOutputPortSignal_wrapper 000000018000e042 f   sf_runtime:sf_runtime.dll
 0001:0000d048       sf_debug_initialize_chart  000000018000e048 f   sf_runtime:sf_runtime.dll
 0001:0000d04e       sf_debug_call              000000018000e04e f   sf_runtime:sf_runtime.dll
 0001:0000d054       eml_debug_line_call        000000018000e054 f   sf_runtime:sf_runtime.dll
 0001:0000d05a       cv_eml_eval                000000018000e05a f   sf_runtime:sf_runtime.dll
 0001:0000d060       cv_eml_init_script         000000018000e060 f   sf_runtime:sf_runtime.dll
 0001:0000d066       cv_eml_init_fcn            000000018000e066 f   sf_runtime:sf_runtime.dll
 0001:0000d06c       sf_debug_reset_current_state_configuration 000000018000e06c f   sf_runtime:sf_runtime.dll
 0001:0000d072       sf_debug_check_for_state_inconsistency 000000018000e072 f   sf_runtime:sf_runtime.dll
 0001:0000d078       sf_debug_set_chart_data_props 000000018000e078 f   sf_runtime:sf_runtime.dll
 0001:0000d07e       sf_debug_set_chart_data_compiled_props 000000018000e07e f   sf_runtime:sf_runtime.dll
 0001:0000d084       sf_debug_symbol_scope_push 000000018000e084 f   sf_runtime:sf_runtime.dll
 0001:0000d08a       sf_debug_symbol_scope_push_eml 000000018000e08a f   sf_runtime:sf_runtime.dll
 0001:0000d090       sf_debug_symbol_scope_pop  000000018000e090 f   sf_runtime:sf_runtime.dll
 0001:0000d096       sf_debug_symbol_scope_add_eml 000000018000e096 f   sf_runtime:sf_runtime.dll
 0001:0000d09c       sf_debug_symbol_scope_add_eml_importable 000000018000e09c f   sf_runtime:sf_runtime.dll
 0001:0000d0a2       sf_debug_set_instance_data_value_ptr 000000018000e0a2 f   sf_runtime:sf_runtime.dll
 0001:0000d0a8       sf_debug_set_chart_disable_implicit_casting 000000018000e0a8 f   sf_runtime:sf_runtime.dll
 0001:0000d0ae       sf_debug_set_chart_event_thresholds 000000018000e0ae f   sf_runtime:sf_runtime.dll
 0001:0000d0b4       sf_debug_set_chart_state_info 000000018000e0b4 f   sf_runtime:sf_runtime.dll
 0001:0000d0ba       sf_debug_set_chart_decomposition 000000018000e0ba f   sf_runtime:sf_runtime.dll
 0001:0000d0c0       sf_debug_set_chart_substate_count 000000018000e0c0 f   sf_runtime:sf_runtime.dll
 0001:0000d0c6       sf_debug_data_range_wrapper 000000018000e0c6 f   sf_runtime:sf_runtime.dll
 0001:0000d0cc       sf_debug_cv_init_trans     000000018000e0cc f   sf_runtime:sf_runtime.dll
 0001:0000d0d2       sf_debug_cv_init_chart     000000018000e0d2 f   sf_runtime:sf_runtime.dll
 0001:0000d0d8       sf_debug_cv_init_state     000000018000e0d8 f   sf_runtime:sf_runtime.dll
 0001:0000d0de       sf_get_ChartInfoStruct_CodeGen 000000018000e0de f   sf_runtime:sf_runtime.dll
 0001:0000d0e4       sf_get_hasSeparateUpdateOutputs 000000018000e0e4 f   sf_runtime:sf_runtime.dll
 0001:0000d0ea       callMdlMethodAndReportError 000000018000e0ea f   sf_runtime:sf_runtime.dll
 0001:0000d0f0       call_sf_machine_global_method_dispatcher 000000018000e0f0 f   sf_runtime:sf_runtime.dll
 0001:0000d0f6       getRuntimeInstanceInfoAsVoid 000000018000e0f6 f   sf_runtime:sf_runtime.dll
 0001:0000d0fc       sf_mex_error_direct_call   000000018000e0fc f   sf_runtime:sf_runtime.dll
 0001:0000d102       sf_clear_error_manager_info 000000018000e102 f   sf_runtime:sf_runtime.dll
 0001:0000d108       sf_debug_create_debug_instance_struct 000000018000e108 f   sf_runtime:sf_runtime.dll
 0001:0000d10e       sf_debug_terminate         000000018000e10e f   sf_runtime:sf_runtime.dll
 0001:0000d114       sf_debug_api               000000018000e114 f   sf_runtime:sf_runtime.dll
 0001:0000d11a       mxIsChar                   000000018000e11a f   libmx:libmx.dll
 0001:0000d120       mxGetPr                    000000018000e120 f   libmx:libmx.dll
 0001:0000d126       mxGetScalar                000000018000e126 f   libmx:libmx.dll
 0001:0000d12c       mxDestroyArray             000000018000e12c f   libmx:libmx.dll
 0001:0000d132       mxCreateDoubleMatrix_730   000000018000e132 f   libmx:libmx.dll
 0001:0000d138       mxGetString_730            000000018000e138 f   libmx:libmx.dll
 0001:0000d13e       mxDuplicateArray           000000018000e13e f   libmx:libmx.dll
 0001:0000d144       mxSetField_730             000000018000e144 f   libmx:libmx.dll
 0001:0000d14a       mxCreateDoubleScalar       000000018000e14a f   libmx:libmx.dll
 0001:0000d150       mxCreateString             000000018000e150 f   libmx:libmx.dll
 0001:0000d156       mxCreateCellMatrix_730     000000018000e156 f   libmx:libmx.dll
 0001:0000d15c       mxCreateCellArray_730      000000018000e15c f   libmx:libmx.dll
 0001:0000d162       mxCreateStructMatrix_730   000000018000e162 f   libmx:libmx.dll
 0001:0000d168       mxCreateStructArray_730    000000018000e168 f   libmx:libmx.dll
 0001:0000d16e       mxCalloc                   000000018000e16e f   libmx:libmx.dll
 0001:0000d174       mxGetM                     000000018000e174 f   libmx:libmx.dll
 0001:0000d17a       mxGetClassID               000000018000e17a f   libmx:libmx.dll
 0001:0000d180       mxIsNumeric                000000018000e180 f   libmx:libmx.dll
 0001:0000d186       mxIsComplex                000000018000e186 f   libmx:libmx.dll
 0001:0000d18c       mxGetN                     000000018000e18c f   libmx:libmx.dll
 0001:0000d192       mexMakeArrayPersistent     000000018000e192 f   libmex:libmex.dll
 0001:0000d198       mexErrMsgTxt               000000018000e198 f   libmex:libmex.dll
 0001:0000d19e       mexWarnMsgTxt              000000018000e19e f   libmex:libmex.dll
 0001:0000d1a4       mexCallMATLABWithObject    000000018000e1a4 f   libmex:libmex.dll
 0001:0000d1aa       mexLock                    000000018000e1aa f   libmex:libmex.dll
 0001:0000d1b0       mexUnlock                  000000018000e1b0 f   libmex:libmex.dll
 0001:0000d1b6       mexIsLocked                000000018000e1b6 f   libmex:libmex.dll
 0001:0000d1bc       utMalloc                   000000018000e1bc f   libut:libut.dll
 0001:0000d1c2       utFree                     000000018000e1c2 f   libut:libut.dll
 0001:0000d1c8       __raise_securityfailure    000000018000e1c8 f   MSVCRT:gs_report.obj
 0001:0000d214       __report_gsfailure         000000018000e214 f   MSVCRT:gs_report.obj
 0001:0000d2e8       __report_rangecheckfailure 000000018000e2e8 f   MSVCRT:gs_report.obj
 0001:0000d2fc       __report_securityfailure   000000018000e2fc f   MSVCRT:gs_report.obj
 0001:0000d398       __report_securityfailureEx 000000018000e398 f   MSVCRT:gs_report.obj
 0001:0000d4a6       strcmp                     000000018000e4a6 f   MSVCRT:MSVCR120.dll
 0001:0000d4ac       __GSHandlerCheck           000000018000e4ac f   MSVCRT:gshandler.obj
 0001:0000d4cc       __GSHandlerCheckCommon     000000018000e4cc f   MSVCRT:gshandler.obj
 0001:0000d540       __security_check_cookie    000000018000e540 f   MSVCRT:amdsecgs.obj
 0001:0000d560       memset                     000000018000e560 f   MSVCRT:MSVCR120.dll
 0001:0000d566       free                       000000018000e566 f   MSVCRT:MSVCR120.dll
 0001:0000d56c       malloc                     000000018000e56c f   MSVCRT:MSVCR120.dll
 0001:0000d572       sprintf                    000000018000e572 f   MSVCRT:MSVCR120.dll
 0001:0000d578       memcpy                     000000018000e578 f   MSVCRT:MSVCR120.dll
 0001:0000d57e       strlen                     000000018000e57e f   MSVCRT:MSVCR120.dll
 0001:0000d5e4       NtCurrentTeb               000000018000e5e4 f i MSVCRT:crtdll.obj
 0001:0000d5f0       _CRT_INIT                  000000018000e5f0 f   MSVCRT:crtdll.obj
 0001:0000d83c       _DllMainCRTStartup         000000018000e83c f   MSVCRT:crtdll.obj
 0001:0000d9b2       __crt_debugger_hook        000000018000e9b2 f   MSVCRT:MSVCR120.dll
 0001:0000d9b8       __crtUnhandledException    000000018000e9b8 f   MSVCRT:MSVCR120.dll
 0001:0000d9be       __crtTerminateProcess      000000018000e9be f   MSVCRT:MSVCR120.dll
 0001:0000d9c4       __crtCaptureCurrentContext 000000018000e9c4 f   MSVCRT:MSVCR120.dll
 0001:0000d9ca       __crtCapturePreviousContext 000000018000e9ca f   MSVCRT:MSVCR120.dll
 0001:0000d9d0       __CppXcptFilter            000000018000e9d0 f   MSVCRT:MSVCR120.dll
 0001:0000d9d6       _amsg_exit                 000000018000e9d6 f   MSVCRT:MSVCR120.dll
 0001:0000d9e0       _FindPESection             000000018000e9e0 f   MSVCRT:pesect.obj
 0001:0000da30       _IsNonwritableInCurrentImage 000000018000ea30 f   MSVCRT:pesect.obj
 0001:0000da80       _ValidateImageBase         000000018000ea80 f   MSVCRT:pesect.obj
 0001:0000dab0       __atonexitinit             000000018000eab0 f   MSVCRT:atonexit.obj
 0001:0000db00       _onexit                    000000018000eb00 f   MSVCRT:atonexit.obj
 0001:0000dbb0       atexit                     000000018000ebb0 f   MSVCRT:atonexit.obj
 0001:0000dbc8       __security_init_cookie     000000018000ebc8 f   MSVCRT:gs_support.obj
 0001:0000dc74       DllMain                    000000018000ec74 f   MSVCRT:dllmain.obj
 0001:0000dc98       _malloc_crt                000000018000ec98 f   MSVCRT:MSVCR120.dll
 0001:0000dca0       _RTC_Initialize            000000018000eca0 f   MSVCRT:initsect.obj
 0001:0000dcd8       _RTC_Terminate             000000018000ecd8 f   MSVCRT:initsect.obj
 0001:0000dd10       _initterm                  000000018000ed10 f   MSVCRT:MSVCR120.dll
 0001:0000dd16       _initterm_e                000000018000ed16 f   MSVCRT:MSVCR120.dll
 0001:0000dd1c       __clean_type_info_names    000000018000ed1c f   MSVCRT:tncleanup.obj
 0001:0000dd28       __C_specific_handler       000000018000ed28 f   MSVCRT:MSVCR120.dll
 0001:0000dd2e       _lock                      000000018000ed2e f   MSVCRT:MSVCR120.dll
 0001:0000dd34       _unlock                    000000018000ed34 f   MSVCRT:MSVCR120.dll
 0001:0000dd3a       _calloc_crt                000000018000ed3a f   MSVCRT:MSVCR120.dll
 0001:0000dd40       __dllonexit                000000018000ed40 f   MSVCRT:MSVCR120.dll
 0001:0000dd46       __clean_type_info_names_internal 000000018000ed46 f   MSVCRT:MSVCR120.dll
 0001:0000dd4c       IsDebuggerPresent          000000018000ed4c f   kernel32:KERNEL32.dll
 0001:0000dd52       IsProcessorFeaturePresent  000000018000ed52 f   kernel32:KERNEL32.dll
 0001:0000dd58       EncodePointer              000000018000ed58 f   kernel32:KERNEL32.dll
 0001:0000dd5e       DecodePointer              000000018000ed5e f   kernel32:KERNEL32.dll
 0001:0000dd64       QueryPerformanceCounter    000000018000ed64 f   kernel32:KERNEL32.dll
 0001:0000dd6a       GetCurrentProcessId        000000018000ed6a f   kernel32:KERNEL32.dll
 0001:0000dd70       GetCurrentThreadId         000000018000ed70 f   kernel32:KERNEL32.dll
 0001:0000dd76       GetSystemTimeAsFileTime    000000018000ed76 f   kernel32:KERNEL32.dll
 0001:0000dd7c       DisableThreadLibraryCalls  000000018000ed7c f   kernel32:KERNEL32.dll
 0002:00000000       __imp_GetSystemTimeAsFileTime 000000018000f000     kernel32:KERNEL32.dll
 0002:00000008       __imp_GetCurrentThreadId   000000018000f008     kernel32:KERNEL32.dll
 0002:00000010       __imp_GetCurrentProcessId  000000018000f010     kernel32:KERNEL32.dll
 0002:00000018       __imp_QueryPerformanceCounter 000000018000f018     kernel32:KERNEL32.dll
 0002:00000020       __imp_DecodePointer        000000018000f020     kernel32:KERNEL32.dll
 0002:00000028       __imp_EncodePointer        000000018000f028     kernel32:KERNEL32.dll
 0002:00000030       __imp_IsProcessorFeaturePresent 000000018000f030     kernel32:KERNEL32.dll
 0002:00000038       __imp_IsDebuggerPresent    000000018000f038     kernel32:KERNEL32.dll
 0002:00000040       __imp_DisableThreadLibraryCalls 000000018000f040     kernel32:KERNEL32.dll
 0002:00000048       \177KERNEL32_NULL_THUNK_DATA 000000018000f048     kernel32:KERNEL32.dll
 0002:00000050       __imp___clean_type_info_names_internal 000000018000f050     MSVCRT:MSVCR120.dll
 0002:00000058       __imp__onexit              000000018000f058     MSVCRT:MSVCR120.dll
 0002:00000060       __imp___dllonexit          000000018000f060     MSVCRT:MSVCR120.dll
 0002:00000068       __imp__calloc_crt          000000018000f068     MSVCRT:MSVCR120.dll
 0002:00000070       __imp__unlock              000000018000f070     MSVCRT:MSVCR120.dll
 0002:00000078       __imp__lock                000000018000f078     MSVCRT:MSVCR120.dll
 0002:00000080       __imp___C_specific_handler 000000018000f080     MSVCRT:MSVCR120.dll
 0002:00000088       __imp__initterm_e          000000018000f088     MSVCRT:MSVCR120.dll
 0002:00000090       __imp__initterm            000000018000f090     MSVCRT:MSVCR120.dll
 0002:00000098       __imp__malloc_crt          000000018000f098     MSVCRT:MSVCR120.dll
 0002:000000a0       __imp__amsg_exit           000000018000f0a0     MSVCRT:MSVCR120.dll
 0002:000000a8       __imp___CppXcptFilter      000000018000f0a8     MSVCRT:MSVCR120.dll
 0002:000000b0       __imp___crtCapturePreviousContext 000000018000f0b0     MSVCRT:MSVCR120.dll
 0002:000000b8       __imp___crtCaptureCurrentContext 000000018000f0b8     MSVCRT:MSVCR120.dll
 0002:000000c0       __imp___crtTerminateProcess 000000018000f0c0     MSVCRT:MSVCR120.dll
 0002:000000c8       __imp___crtUnhandledException 000000018000f0c8     MSVCRT:MSVCR120.dll
 0002:000000d0       __imp___crt_debugger_hook  000000018000f0d0     MSVCRT:MSVCR120.dll
 0002:000000d8       __imp_strlen               000000018000f0d8     MSVCRT:MSVCR120.dll
 0002:000000e0       __imp_memcpy               000000018000f0e0     MSVCRT:MSVCR120.dll
 0002:000000e8       __imp_sprintf              000000018000f0e8     MSVCRT:MSVCR120.dll
 0002:000000f0       __imp_malloc               000000018000f0f0     MSVCRT:MSVCR120.dll
 0002:000000f8       __imp_free                 000000018000f0f8     MSVCRT:MSVCR120.dll
 0002:00000100       __imp_memset               000000018000f100     MSVCRT:MSVCR120.dll
 0002:00000108       __imp_strcmp               000000018000f108     MSVCRT:MSVCR120.dll
 0002:00000110       \177MSVCR120_NULL_THUNK_DATA 000000018000f110     MSVCRT:MSVCR120.dll
 0002:00000118       __imp_mexIsLocked          000000018000f118     libmex:libmex.dll
 0002:00000120       __imp_mexUnlock            000000018000f120     libmex:libmex.dll
 0002:00000128       __imp_mexLock              000000018000f128     libmex:libmex.dll
 0002:00000130       __imp_mexCallMATLABWithObject 000000018000f130     libmex:libmex.dll
 0002:00000138       __imp_mexWarnMsgTxt        000000018000f138     libmex:libmex.dll
 0002:00000140       __imp_mexErrMsgTxt         000000018000f140     libmex:libmex.dll
 0002:00000148       __imp_mexMakeArrayPersistent 000000018000f148     libmex:libmex.dll
 0002:00000150       \177libmex_NULL_THUNK_DATA 000000018000f150     libmex:libmex.dll
 0002:00000158       __imp_mxGetN               000000018000f158     libmx:libmx.dll
 0002:00000160       __imp_mxIsComplex          000000018000f160     libmx:libmx.dll
 0002:00000168       __imp_mxIsNumeric          000000018000f168     libmx:libmx.dll
 0002:00000170       __imp_mxGetClassID         000000018000f170     libmx:libmx.dll
 0002:00000178       __imp_mxGetM               000000018000f178     libmx:libmx.dll
 0002:00000180       __imp_mxCalloc             000000018000f180     libmx:libmx.dll
 0002:00000188       __imp_mxCreateStructArray_730 000000018000f188     libmx:libmx.dll
 0002:00000190       __imp_mxCreateStructMatrix_730 000000018000f190     libmx:libmx.dll
 0002:00000198       __imp_mxCreateCellArray_730 000000018000f198     libmx:libmx.dll
 0002:000001a0       __imp_mxCreateCellMatrix_730 000000018000f1a0     libmx:libmx.dll
 0002:000001a8       __imp_mxCreateString       000000018000f1a8     libmx:libmx.dll
 0002:000001b0       __imp_mxCreateDoubleScalar 000000018000f1b0     libmx:libmx.dll
 0002:000001b8       __imp_mxSetField_730       000000018000f1b8     libmx:libmx.dll
 0002:000001c0       __imp_mxDuplicateArray     000000018000f1c0     libmx:libmx.dll
 0002:000001c8       __imp_mxGetString_730      000000018000f1c8     libmx:libmx.dll
 0002:000001d0       __imp_mxCreateDoubleMatrix_730 000000018000f1d0     libmx:libmx.dll
 0002:000001d8       __imp_mxGetScalar          000000018000f1d8     libmx:libmx.dll
 0002:000001e0       __imp_mxGetPr              000000018000f1e0     libmx:libmx.dll
 0002:000001e8       __imp_mxIsChar             000000018000f1e8     libmx:libmx.dll
 0002:000001f0       __imp_mxDestroyArray       000000018000f1f0     libmx:libmx.dll
 0002:000001f8       \177libmx_NULL_THUNK_DATA  000000018000f1f8     libmx:libmx.dll
 0002:00000200       __imp_utMalloc             000000018000f200     libut:libut.dll
 0002:00000208       __imp_utFree               000000018000f208     libut:libut.dll
 0002:00000210       \177libut_NULL_THUNK_DATA  000000018000f210     libut:libut.dll
 0002:00000218       __imp_sf_debug_terminate   000000018000f218     sf_runtime:sf_runtime.dll
 0002:00000220       __imp_getRuntimeInstanceInfoAsVoid 000000018000f220     sf_runtime:sf_runtime.dll
 0002:00000228       __imp_call_sf_machine_global_method_dispatcher 000000018000f228     sf_runtime:sf_runtime.dll
 0002:00000230       __imp_callMdlMethodAndReportError 000000018000f230     sf_runtime:sf_runtime.dll
 0002:00000238       __imp_sf_get_hasSeparateUpdateOutputs 000000018000f238     sf_runtime:sf_runtime.dll
 0002:00000240       __imp_sf_is_chart_inlinable 000000018000f240     sf_runtime:sf_runtime.dll
 0002:00000248       __imp_sf_get_ChartInfoStruct_CodeGen 000000018000f248     sf_runtime:sf_runtime.dll
 0002:00000250       __imp_sf_debug_cv_init_state 000000018000f250     sf_runtime:sf_runtime.dll
 0002:00000258       __imp_sf_debug_cv_init_chart 000000018000f258     sf_runtime:sf_runtime.dll
 0002:00000260       __imp_sf_debug_cv_init_trans 000000018000f260     sf_runtime:sf_runtime.dll
 0002:00000268       __imp_sf_debug_data_range_wrapper 000000018000f268     sf_runtime:sf_runtime.dll
 0002:00000270       __imp_sf_debug_set_chart_substate_count 000000018000f270     sf_runtime:sf_runtime.dll
 0002:00000278       __imp_sf_debug_set_chart_decomposition 000000018000f278     sf_runtime:sf_runtime.dll
 0002:00000280       __imp_sf_debug_set_chart_state_info 000000018000f280     sf_runtime:sf_runtime.dll
 0002:00000288       __imp_sf_debug_create_debug_instance_struct 000000018000f288     sf_runtime:sf_runtime.dll
 0002:00000290       __imp_sf_debug_set_chart_disable_implicit_casting 000000018000f290     sf_runtime:sf_runtime.dll
 0002:00000298       __imp_sf_debug_set_instance_data_value_ptr 000000018000f298     sf_runtime:sf_runtime.dll
 0002:000002a0       __imp_sf_debug_symbol_scope_add_eml_importable 000000018000f2a0     sf_runtime:sf_runtime.dll
 0002:000002a8       __imp_sf_debug_symbol_scope_add_eml 000000018000f2a8     sf_runtime:sf_runtime.dll
 0002:000002b0       __imp_sf_debug_symbol_scope_pop 000000018000f2b0     sf_runtime:sf_runtime.dll
 0002:000002b8       __imp_sf_debug_symbol_scope_push_eml 000000018000f2b8     sf_runtime:sf_runtime.dll
 0002:000002c0       __imp_sf_debug_symbol_scope_push 000000018000f2c0     sf_runtime:sf_runtime.dll
 0002:000002c8       __imp_sf_debug_set_chart_data_compiled_props 000000018000f2c8     sf_runtime:sf_runtime.dll
 0002:000002d0       __imp_sf_debug_set_chart_data_props 000000018000f2d0     sf_runtime:sf_runtime.dll
 0002:000002d8       __imp_sf_debug_check_for_state_inconsistency 000000018000f2d8     sf_runtime:sf_runtime.dll
 0002:000002e0       __imp_sf_debug_reset_current_state_configuration 000000018000f2e0     sf_runtime:sf_runtime.dll
 0002:000002e8       __imp_cv_eml_init_fcn      000000018000f2e8     sf_runtime:sf_runtime.dll
 0002:000002f0       __imp_cv_eml_init_script   000000018000f2f0     sf_runtime:sf_runtime.dll
 0002:000002f8       __imp_cv_eml_eval          000000018000f2f8     sf_runtime:sf_runtime.dll
 0002:00000300       __imp_eml_debug_line_call  000000018000f300     sf_runtime:sf_runtime.dll
 0002:00000308       __imp_sf_debug_call        000000018000f308     sf_runtime:sf_runtime.dll
 0002:00000310       __imp_sf_clear_error_manager_info 000000018000f310     sf_runtime:sf_runtime.dll
 0002:00000318       __imp_sf_debug_set_chart_event_thresholds 000000018000f318     sf_runtime:sf_runtime.dll
 0002:00000320       __imp_sf_mex_error_direct_call 000000018000f320     sf_runtime:sf_runtime.dll
 0002:00000328       __imp_sf_debug_initialize_chart 000000018000f328     sf_runtime:sf_runtime.dll
 0002:00000330       __imp_ssGetOutputPortSignal_wrapper 000000018000f330     sf_runtime:sf_runtime.dll
 0002:00000338       __imp_ssGetInputPortSignal_wrapper 000000018000f338     sf_runtime:sf_runtime.dll
 0002:00000340       __imp_sf_mex_decode_encoded_mx_struct_array 000000018000f340     sf_runtime:sf_runtime.dll
 0002:00000348       __imp_sf_mex_import        000000018000f348     sf_runtime:sf_runtime.dll
 0002:00000350       __imp_sf_mex_destroy       000000018000f350     sf_runtime:sf_runtime.dll
 0002:00000358       __imp_sf_mex_dup           000000018000f358     sf_runtime:sf_runtime.dll
 0002:00000360       __imp_sf_mex_assign        000000018000f360     sf_runtime:sf_runtime.dll
 0002:00000368       __imp_sf_mex_getcell       000000018000f368     sf_runtime:sf_runtime.dll
 0002:00000370       __imp_sf_mex_setcell       000000018000f370     sf_runtime:sf_runtime.dll
 0002:00000378       __imp_sf_mex_createcellmatrix 000000018000f378     sf_runtime:sf_runtime.dll
 0002:00000380       __imp_sf_mex_create        000000018000f380     sf_runtime:sf_runtime.dll
 0002:00000388       __imp_sf_mex_error_message 000000018000f388     sf_runtime:sf_runtime.dll
 0002:00000390       __imp_sf_register_codegen_names_for_scoped_functions_defined_by_chart 000000018000f390     sf_runtime:sf_runtime.dll
 0002:00000398       __imp_sf_set_chart_accesses_machine_info 000000018000f398     sf_runtime:sf_runtime.dll
 0002:000003a0       __imp_sf_is_first_init_cond 000000018000f3a0     sf_runtime:sf_runtime.dll
 0002:000003a8       __imp_sf_get_time          000000018000f3a8     sf_runtime:sf_runtime.dll
 0002:000003b0       __imp_sf_set_rtw_dwork_info 000000018000f3b0     sf_runtime:sf_runtime.dll
 0002:000003b8       __imp_sf_clear_rtw_identifier 000000018000f3b8     sf_runtime:sf_runtime.dll
 0002:000003c0       __imp_sim_mode_is_modelref_sim 000000018000f3c0     sf_runtime:sf_runtime.dll
 0002:000003c8       __imp_sim_mode_is_external 000000018000f3c8     sf_runtime:sf_runtime.dll
 0002:000003d0       __imp_sim_mode_is_rtw_gen  000000018000f3d0     sf_runtime:sf_runtime.dll
 0002:000003d8       __imp_sf_mark_chart_expressionable_inputs 000000018000f3d8     sf_runtime:sf_runtime.dll
 0002:000003e0       __imp_sf_mark_chart_reusable_outputs 000000018000f3e0     sf_runtime:sf_runtime.dll
 0002:000003e8       __imp_sf_update_buildInfo  000000018000f3e8     sf_runtime:sf_runtime.dll
 0002:000003f0       __imp_sf_rtw_info_uint_prop 000000018000f3f0     sf_runtime:sf_runtime.dll
 0002:000003f8       __imp_sf_get_chart_instance_ptr 000000018000f3f8     sf_runtime:sf_runtime.dll
 0002:00000400       __imp_sfrtGetEmlrtCtx      000000018000f400     sf_runtime:sf_runtime.dll
 0002:00000408       __imp_sf_free_ChartRunTimeInfo 000000018000f408     sf_runtime:sf_runtime.dll
 0002:00000410       __imp_sf_init_ChartRunTimeInfo 000000018000f410     sf_runtime:sf_runtime.dll
 0002:00000418       __imp_sf_debug_set_machine_data_thresholds 000000018000f418     sf_runtime:sf_runtime.dll
 0002:00000420       __imp_sf_debug_set_machine_event_thresholds 000000018000f420     sf_runtime:sf_runtime.dll
 0002:00000428       __imp_sf_debug_initialize_machine 000000018000f428     sf_runtime:sf_runtime.dll
 0002:00000430       __imp_sf_debug_api         000000018000f430     sf_runtime:sf_runtime.dll
 0002:00000438       __imp_sf_load_rtw_optimization_info 000000018000f438     sf_runtime:sf_runtime.dll
 0002:00000440       \177sf_runtime_NULL_THUNK_DATA 000000018000f440     sf_runtime:sf_runtime.dll
 0002:00000448       __xc_a                     000000018000f448     MSVCRT:cinitexe.obj
 0002:00000450       __xc_z                     000000018000f450     MSVCRT:cinitexe.obj
 0002:00000458       __xi_a                     000000018000f458     MSVCRT:cinitexe.obj
 0002:00000470       __xi_z                     000000018000f470     MSVCRT:cinitexe.obj
 0002:00000480       __real@419724689c000000    000000018000f480     untitled_sfun.obj
 0002:00000488       __real@41bd274837000000    000000018000f488     untitled_sfun.obj
 0002:00000490       __real@41c0475497000000    000000018000f490     untitled_sfun.obj
 0002:00000498       __real@41cb14a5cc000000    000000018000f498     untitled_sfun.obj
 0002:000004a0       __real@41d4c74be0400000    000000018000f4a0     untitled_sfun.obj
 0002:000004a8       __real@41d675efb6400000    000000018000f4a8     untitled_sfun.obj
 0002:000004b0       __real@41d745767c800000    000000018000f4b0     untitled_sfun.obj
 0002:000004b8       __real@41d92cd043800000    000000018000f4b8     untitled_sfun.obj
 0002:000004c0       __real@41dd48dcae400000    000000018000f4c0     untitled_sfun.obj
 0002:000004c8       __real@41e0c2606f000000    000000018000f4c8     untitled_sfun.obj
 0002:000004d0       __real@41e8946fb1e00000    000000018000f4d0     untitled_sfun.obj
 0002:000004d8       __real@41ee7e10cde00000    000000018000f4d8     untitled_sfun.obj
 0002:000004e0       __real@3ff0000000000000    000000018000f4e0     c1_untitled.obj
 0002:000004e8       __real@4000000000000000    000000018000f4e8     c1_untitled.obj
 0002:000004f0       __real@4024000000000000    000000018000f4f0     c1_untitled.obj
 0002:000004f8       __real@41c048ead3000000    000000018000f4f8     c1_untitled.obj
 0002:00000500       __real@41e3d0593e200000    000000018000f500     c1_untitled.obj
 0002:00000508       __real@41e6d8c6d1800000    000000018000f508     c1_untitled.obj
 0002:00000510       __real@41edbdceb9c00000    000000018000f510     c1_untitled.obj
 0002:00000518       DYNAMIC_DIMENSION_DEF      000000018000f518     untitled_sfun_registry.obj
 0002:00000530       __real@0000000000000000    000000018000f530     untitled_sfun_registry.obj
 0002:00000538       __real@4010000000000000    000000018000f538     untitled_sfun_registry.obj
 0002:00000540       __real@41602cbca0000000    000000018000f540     untitled_sfun_registry.obj
 0002:00000548       __real@bff0000000000000    000000018000f548     untitled_sfun_registry.obj
 0002:00000560       _pDefaultRawDllMain        000000018000f560     MSVCRT:crtdll.obj
 0002:00000560       _pRawDllMain               000000018000f560     MSVCRT:crtdll.obj
 0002:00000568       ?ProcessDetach@NativeDll@<CrtImplementationDetails>@@0IB 000000018000f568     MSVCRT:initsect.obj
 0002:0000056c       ?ProcessAttach@NativeDll@<CrtImplementationDetails>@@0IB 000000018000f56c     MSVCRT:initsect.obj
 0002:00000570       ?ThreadAttach@NativeDll@<CrtImplementationDetails>@@0IB 000000018000f570     MSVCRT:initsect.obj
 0002:00000574       ?ThreadDetach@NativeDll@<CrtImplementationDetails>@@0IB 000000018000f574     MSVCRT:initsect.obj
 0002:00000578       ?ProcessVerifier@NativeDll@<CrtImplementationDetails>@@0IB 000000018000f578     MSVCRT:initsect.obj
 0002:0000057c       ?value@?$integral_constant@_N$0A@@std@@2_NB 000000018000f57c     MSVCRT:tncleanup.obj
 0002:0000057d       ?value@?$integral_constant@_N$00@std@@2_NB 000000018000f57d     MSVCRT:tncleanup.obj
 0002:00000580       _load_config_used          000000018000f580     MSVCRT:loadcfg.obj
 0002:000005f0       __rtc_iaa                  000000018000f5f0     MSVCRT:initsect.obj
 0002:000005f8       __rtc_izz                  000000018000f5f8     MSVCRT:initsect.obj
 0002:00000600       __rtc_taa                  000000018000f600     MSVCRT:initsect.obj
 0002:00000608       __rtc_tzz                  000000018000f608     MSVCRT:initsect.obj
 0002:00000dd4       __IMPORT_DESCRIPTOR_sf_runtime 000000018000fdd4     sf_runtime:sf_runtime.dll
 0002:00000de8       __IMPORT_DESCRIPTOR_libmx  000000018000fde8     libmx:libmx.dll
 0002:00000dfc       __IMPORT_DESCRIPTOR_libmex 000000018000fdfc     libmex:libmex.dll
 0002:00000e10       __IMPORT_DESCRIPTOR_libut  000000018000fe10     libut:libut.dll
 0002:00000e24       __IMPORT_DESCRIPTOR_MSVCR120 000000018000fe24     MSVCRT:MSVCR120.dll
 0002:00000e38       __IMPORT_DESCRIPTOR_KERNEL32 000000018000fe38     kernel32:KERNEL32.dll
 0002:00000e4c       __NULL_IMPORT_DESCRIPTOR   000000018000fe4c     sf_runtime:sf_runtime.dll
 0003:00001380       DYNAMIC_DIMENSION          0000000180012380     untitled_sfun_registry.obj
 0003:00002910       __security_cookie          0000000180013910     MSVCRT:gs_cookie.obj
 0003:00002918       __security_cookie_complement 0000000180013918     MSVCRT:gs_cookie.obj
 0003:00002920       _fltused                   0000000180013920     MSVCRT:dllsupp.obj
 0003:00002924       __native_dllmain_reason    0000000180013924     MSVCRT:natstart.obj
 0003:00002958       sfGlobalDebugInstanceStruct 0000000180013958     untitled_sfun_registry.obj
 0003:00003ee8       ?__type_info_root_node@@3U__type_info_node@@A 0000000180014ee8     MSVCRT:tncleanup.obj
 0003:00003ef8       _untitledMachineNumber_    0000000180014ef8     <common>
 0003:00003f00       __native_startup_lock      0000000180014f00     <common>
 0003:00003f08       __native_startup_state     0000000180014f08     <common>
 0003:00003f10       __onexitend                0000000180014f10     <common>
 0003:00003f18       __onexitbegin              0000000180014f18     <common>
 0003:00003f20       __dyn_tls_init_callback    0000000180014f20     <common>

 entry point at        0001:0000d83c

 Static symbols

 0000:00000000       .debug$S                   0000000180000000     sf_runtime:sf_runtime.dll
 0000:00000000       .debug$S                   0000000180000000     sf_runtime:sf_runtime.dll
 0000:00000000       .debug$S                   0000000180000000     sf_runtime:sf_runtime.dll
 0000:00000000       .debug$S                   0000000180000000     sf_runtime:sf_runtime.dll
 0000:00000000       .debug$S                   0000000180000000     sf_runtime:sf_runtime.dll
 0000:00000000       .debug$S                   0000000180000000     sf_runtime:sf_runtime.dll
 0000:00000000       .debug$S                   0000000180000000     kernel32:KERNEL32.dll
 0000:00000000       .debug$S                   0000000180000000     kernel32:KERNEL32.dll
 0000:00000000       .debug$S                   0000000180000000     kernel32:KERNEL32.dll
 0000:00000000       .debug$S                   0000000180000000     kernel32:KERNEL32.dll
 0000:00000000       .debug$S                   0000000180000000     kernel32:KERNEL32.dll
 0000:00000000       .debug$S                   0000000180000000     kernel32:KERNEL32.dll
 0000:00000000       .debug$S                   0000000180000000     kernel32:KERNEL32.dll
 0000:00000000       .debug$S                   0000000180000000     kernel32:KERNEL32.dll
 0000:00000000       .debug$S                   0000000180000000     kernel32:KERNEL32.dll
 0000:00000000       .debug$S                   0000000180000000     MSVCRT:MSVCR120.dll
 0000:00000000       .debug$S                   0000000180000000     MSVCRT:MSVCR120.dll
 0000:00000000       .debug$S                   0000000180000000     MSVCRT:MSVCR120.dll
 0000:00000000       .debug$S                   0000000180000000     MSVCRT:MSVCR120.dll
 0000:00000000       .debug$S                   0000000180000000     MSVCRT:MSVCR120.dll
 0000:00000000       .debug$S                   0000000180000000     MSVCRT:MSVCR120.dll
 0000:00000000       .debug$S                   0000000180000000     MSVCRT:MSVCR120.dll
 0000:00000000       .debug$S                   0000000180000000     MSVCRT:MSVCR120.dll
 0000:00000000       .debug$S                   0000000180000000     MSVCRT:MSVCR120.dll
 0000:00000000       .debug$S                   0000000180000000     MSVCRT:MSVCR120.dll
 0000:00000000       .debug$S                   0000000180000000     MSVCRT:MSVCR120.dll
 0000:00000000       .debug$S                   0000000180000000     MSVCRT:MSVCR120.dll
 0000:00000000       .debug$S                   0000000180000000     MSVCRT:MSVCR120.dll
 0000:00000000       .debug$S                   0000000180000000     MSVCRT:MSVCR120.dll
 0000:00000000       .debug$S                   0000000180000000     MSVCRT:MSVCR120.dll
 0000:00000000       .debug$S                   0000000180000000     MSVCRT:MSVCR120.dll
 0000:00000000       .debug$S                   0000000180000000     MSVCRT:MSVCR120.dll
 0000:00000000       .debug$S                   0000000180000000     MSVCRT:MSVCR120.dll
 0000:00000000       .debug$S                   0000000180000000     MSVCRT:MSVCR120.dll
 0000:00000000       .debug$S                   0000000180000000     MSVCRT:MSVCR120.dll
 0000:00000000       .debug$S                   0000000180000000     MSVCRT:MSVCR120.dll
 0000:00000000       .debug$S                   0000000180000000     MSVCRT:MSVCR120.dll
 0000:00000000       .debug$S                   0000000180000000     MSVCRT:MSVCR120.dll
 0000:00000000       .debug$S                   0000000180000000     MSVCRT:MSVCR120.dll
 0000:00000000       .debug$S                   0000000180000000     sf_runtime:sf_runtime.dll
 0000:00000000       .debug$S                   0000000180000000     sf_runtime:sf_runtime.dll
 0000:00000000       .debug$S                   0000000180000000     sf_runtime:sf_runtime.dll
 0000:00000000       .debug$S                   0000000180000000     sf_runtime:sf_runtime.dll
 0000:00000000       .debug$S                   0000000180000000     sf_runtime:sf_runtime.dll
 0000:00000000       .debug$S                   0000000180000000     sf_runtime:sf_runtime.dll
 0000:00000000       .debug$S                   0000000180000000     sf_runtime:sf_runtime.dll
 0000:00000000       .debug$S                   0000000180000000     sf_runtime:sf_runtime.dll
 0000:00000000       .debug$S                   0000000180000000     sf_runtime:sf_runtime.dll
 0000:00000000       .debug$S                   0000000180000000     sf_runtime:sf_runtime.dll
 0000:00000000       .debug$S                   0000000180000000     sf_runtime:sf_runtime.dll
 0000:00000000       .debug$S                   0000000180000000     sf_runtime:sf_runtime.dll
 0000:00000000       .debug$S                   0000000180000000     sf_runtime:sf_runtime.dll
 0000:00000000       .debug$S                   0000000180000000     sf_runtime:sf_runtime.dll
 0000:00000000       .debug$S                   0000000180000000     sf_runtime:sf_runtime.dll
 0000:00000000       .debug$S                   0000000180000000     sf_runtime:sf_runtime.dll
 0000:00000000       .debug$S                   0000000180000000     sf_runtime:sf_runtime.dll
 0000:00000000       .debug$S                   0000000180000000     sf_runtime:sf_runtime.dll
 0000:00000000       .debug$S                   0000000180000000     sf_runtime:sf_runtime.dll
 0000:00000000       .debug$S                   0000000180000000     sf_runtime:sf_runtime.dll
 0000:00000000       .debug$S                   0000000180000000     sf_runtime:sf_runtime.dll
 0000:00000000       .debug$S                   0000000180000000     sf_runtime:sf_runtime.dll
 0000:00000000       .debug$S                   0000000180000000     sf_runtime:sf_runtime.dll
 0000:00000000       .debug$S                   0000000180000000     sf_runtime:sf_runtime.dll
 0000:00000000       .debug$S                   0000000180000000     sf_runtime:sf_runtime.dll
 0000:00000000       .debug$S                   0000000180000000     sf_runtime:sf_runtime.dll
 0000:00000000       .debug$S                   0000000180000000     sf_runtime:sf_runtime.dll
 0000:00000000       .debug$S                   0000000180000000     sf_runtime:sf_runtime.dll
 0000:00000000       .debug$S                   0000000180000000     sf_runtime:sf_runtime.dll
 0000:00000000       .debug$S                   0000000180000000     sf_runtime:sf_runtime.dll
 0000:00000000       .debug$S                   0000000180000000     sf_runtime:sf_runtime.dll
 0000:00000000       .debug$S                   0000000180000000     sf_runtime:sf_runtime.dll
 0000:00000000       .debug$S                   0000000180000000     sf_runtime:sf_runtime.dll
 0000:00000000       .debug$S                   0000000180000000     sf_runtime:sf_runtime.dll
 0000:00000000       .debug$S                   0000000180000000     sf_runtime:sf_runtime.dll
 0000:00000000       .debug$S                   0000000180000000     sf_runtime:sf_runtime.dll
 0000:00000000       .debug$S                   0000000180000000     libut:libut.dll
 0000:00000000       .debug$S                   0000000180000000     libut:libut.dll
 0000:00000000       .debug$S                   0000000180000000     sf_runtime:sf_runtime.dll
 0000:00000000       .debug$S                   0000000180000000     libmex:libmex.dll
 0000:00000000       .debug$S                   0000000180000000     libmex:libmex.dll
 0000:00000000       .debug$S                   0000000180000000     libmex:libmex.dll
 0000:00000000       .debug$S                   0000000180000000     libmex:libmex.dll
 0000:00000000       .debug$S                   0000000180000000     libmex:libmex.dll
 0000:00000000       .debug$S                   0000000180000000     libmex:libmex.dll
 0000:00000000       .debug$S                   0000000180000000     libmex:libmex.dll
 0000:00000000       .debug$S                   0000000180000000     sf_runtime:sf_runtime.dll
 0000:00000000       .debug$S                   0000000180000000     libmx:libmx.dll
 0000:00000000       .debug$S                   0000000180000000     libmx:libmx.dll
 0000:00000000       .debug$S                   0000000180000000     libmx:libmx.dll
 0000:00000000       .debug$S                   0000000180000000     libmx:libmx.dll
 0000:00000000       .debug$S                   0000000180000000     libmx:libmx.dll
 0000:00000000       .debug$S                   0000000180000000     libmx:libmx.dll
 0000:00000000       .debug$S                   0000000180000000     libmx:libmx.dll
 0000:00000000       .debug$S                   0000000180000000     libmx:libmx.dll
 0000:00000000       .debug$S                   0000000180000000     libmx:libmx.dll
 0000:00000000       .debug$S                   0000000180000000     libmx:libmx.dll
 0000:00000000       .debug$S                   0000000180000000     libmx:libmx.dll
 0000:00000000       .debug$S                   0000000180000000     libmx:libmx.dll
 0000:00000000       .debug$S                   0000000180000000     libmx:libmx.dll
 0000:00000000       .debug$S                   0000000180000000     libmx:libmx.dll
 0000:00000000       .debug$S                   0000000180000000     libmx:libmx.dll
 0000:00000000       .debug$S                   0000000180000000     libmx:libmx.dll
 0000:00000000       .debug$S                   0000000180000000     libmx:libmx.dll
 0000:00000000       .debug$S                   0000000180000000     libmx:libmx.dll
 0000:00000000       .debug$S                   0000000180000000     libmx:libmx.dll
 0000:00000000       .debug$S                   0000000180000000     libmx:libmx.dll
 0000:00000000       .debug$S                   0000000180000000     sf_runtime:sf_runtime.dll
 0000:00000000       .debug$S                   0000000180000000     sf_runtime:sf_runtime.dll
 0000:00000000       .debug$S                   0000000180000000     sf_runtime:sf_runtime.dll
 0000:00000000       .debug$S                   0000000180000000     sf_runtime:sf_runtime.dll
 0000:00000000       .debug$S                   0000000180000000     sf_runtime:sf_runtime.dll
 0000:00000000       .debug$S                   0000000180000000     sf_runtime:sf_runtime.dll
 0000:00000000       .debug$S                   0000000180000000     sf_runtime:sf_runtime.dll
 0000:00000000       .debug$S                   0000000180000000     sf_runtime:sf_runtime.dll
 0000:00000000       .debug$S                   0000000180000000     sf_runtime:sf_runtime.dll
 0000:00000000       .debug$S                   0000000180000000     sf_runtime:sf_runtime.dll
 0000:00000000       .debug$S                   0000000180000000     sf_runtime:sf_runtime.dll
 0000:00000000       .debug$S                   0000000180000000     sf_runtime:sf_runtime.dll
 0000:00000000       .debug$S                   0000000180000000     sf_runtime:sf_runtime.dll
 0000:00000000       .debug$S                   0000000180000000     sf_runtime:sf_runtime.dll
 0000:00000000       .debug$S                   0000000180000000     sf_runtime:sf_runtime.dll
 0000:00000000       .debug$S                   0000000180000000     sf_runtime:sf_runtime.dll
 0000:00000000       .debug$S                   0000000180000000     sf_runtime:sf_runtime.dll
 0000:00000000       .debug$S                   0000000180000000     sf_runtime:sf_runtime.dll
 0000:00000000       .debug$S                   0000000180000000     sf_runtime:sf_runtime.dll
 0000:00000000       .debug$S                   0000000180000000     sf_runtime:sf_runtime.dll
 0000:00000000       .debug$S                   0000000180000000     sf_runtime:sf_runtime.dll
 0000:00000000       .debug$S                   0000000180000000     sf_runtime:sf_runtime.dll
 0000:00000000       .debug$S                   0000000180000000     sf_runtime:sf_runtime.dll
 0000:00000000       .debug$S                   0000000180000000     sf_runtime:sf_runtime.dll
 0000:00000000       .debug$S                   0000000180000000     sf_runtime:sf_runtime.dll
 0001:00001160       chart_debug_initialization 0000000180002160 f   c1_untitled.obj
 0001:000017f0       chart_debug_initialize_data_addresses 00000001800027f0 f   c1_untitled.obj
 0001:000018f0       initialize_c1_untitled     00000001800028f0 f   c1_untitled.obj
 0001:00001960       initialize_params_c1_untitled 0000000180002960 f   c1_untitled.obj
 0001:00001970       enable_c1_untitled         0000000180002970 f   c1_untitled.obj
 0001:000019a0       disable_c1_untitled        00000001800029a0 f   c1_untitled.obj
 0001:000019d0       c1_update_debugger_state_c1_untitled 00000001800029d0 f   c1_untitled.obj
 0001:000019e0       get_sim_state_c1_untitled  00000001800029e0 f   c1_untitled.obj
 0001:00001b50       set_sim_state_c1_untitled  0000000180002b50 f   c1_untitled.obj
 0001:00001c60       finalize_c1_untitled       0000000180002c60 f   c1_untitled.obj
 0001:00001c70       sf_gateway_c1_untitled     0000000180002c70 f   c1_untitled.obj
 0001:00002320       mdl_start_c1_untitled      0000000180003320 f   c1_untitled.obj
 0001:00002330       initSimStructsc1_untitled  0000000180003330 f   c1_untitled.obj
 0001:00002340       init_script_number_translation 0000000180003340 f   c1_untitled.obj
 0001:00002360       c1_sf_marshallOut          0000000180003360 f   c1_untitled.obj
 0001:00002450       c1_emlrt_marshallIn        0000000180003450 f   c1_untitled.obj
 0001:000024c0       c1_b_emlrt_marshallIn      00000001800034c0 f   c1_untitled.obj
 0001:00002590       c1_sf_marshallIn           0000000180003590 f   c1_untitled.obj
 0001:00002670       c1_b_sf_marshallOut        0000000180003670 f   c1_untitled.obj
 0001:00002720       c1_c_emlrt_marshallIn      0000000180003720 f   c1_untitled.obj
 0001:000027b0       c1_b_sf_marshallIn         00000001800037b0 f   c1_untitled.obj
 0001:00002860       c1_e_emlrt_marshallIn      0000000180003860 f   c1_untitled.obj
 0001:000028d0       c1_f_emlrt_marshallIn      00000001800038d0 f   c1_untitled.obj
 0001:00002960       init_dsm_address_info      0000000180003960 f   c1_untitled.obj
 0001:00002970       init_simulink_io_address   0000000180003970 f   c1_untitled.obj
 0001:00003140       sf_get_sim_state_info_c1_untitled 0000000180004140 f   c1_untitled.obj
 0001:00003210       sf_get_instance_specialization 0000000180004210 f   c1_untitled.obj
 0001:00003220       sf_opaque_initialize_c1_untitled 0000000180004220 f   c1_untitled.obj
 0001:00003260       sf_opaque_enable_c1_untitled 0000000180004260 f   c1_untitled.obj
 0001:00003280       sf_opaque_disable_c1_untitled 0000000180004280 f   c1_untitled.obj
 0001:000032a0       sf_opaque_gateway_c1_untitled 00000001800042a0 f   c1_untitled.obj
 0001:000032c0       sf_opaque_get_sim_state_c1_untitled 00000001800042c0 f   c1_untitled.obj
 0001:000032f0       sf_opaque_set_sim_state_c1_untitled 00000001800042f0 f   c1_untitled.obj
 0001:00003320       sf_opaque_terminate_c1_untitled 0000000180004320 f   c1_untitled.obj
 0001:000033c0       mdlProcessParameters_c1_untitled 00000001800043c0 f   c1_untitled.obj
 0001:00003480       mdlSetWorkWidths_c1_untitled 0000000180004480 f   c1_untitled.obj
 0001:00003af0       mdlRTW_c1_untitled         0000000180004af0 f   c1_untitled.obj
 0001:00003b30       mdlStart_c1_untitled       0000000180004b30 f   c1_untitled.obj
 0001:00006288       $LN180                     0000000180007288     untitled_sfun_registry.obj
 0001:00008454       $LN17                      0000000180009454     untitled_sfun_registry.obj
 0001:000089dc       $LN26                      00000001800099dc     untitled_sfun_registry.obj
 0001:000090c4       $LN23                      000000018000a0c4     untitled_sfun_registry.obj
 0001:000096a0       $LN26                      000000018000a6a0     untitled_sfun_registry.obj
 0001:0000b320       sf_debug_api_wrapper       000000018000c320 f   untitled_sfun_registry.obj
 0001:0000b370       ProcessMexSfunctionCmdLineCall 000000018000c370 f   untitled_sfun_registry.obj
 0001:0000b6e0       mdlSetWorkWidths           000000018000c6e0 f   untitled_sfun_registry.obj
 0001:0000b730       mdlProcessParameters       000000018000c730 f   untitled_sfun_registry.obj
 0001:0000b760       mdl_start_processing       000000018000c760 f   untitled_sfun_registry.obj
 0001:0000b7c0       mdl_terminate_processing   000000018000c7c0 f   untitled_sfun_registry.obj
 0001:0000b880       mdlStart                   000000018000c880 f   untitled_sfun_registry.obj
 0001:0000b8b0       mdlTerminate               000000018000c8b0 f   untitled_sfun_registry.obj
 0001:0000b8e0       mdlInitializeSizes         000000018000c8e0 f   untitled_sfun_registry.obj
 0001:0000b910       mdlInitializeSampleTimes   000000018000c910 f   untitled_sfun_registry.obj
 0001:0000b940       mdl_outputs_continuous_legacy 000000018000c940 f   untitled_sfun_registry.obj
 0001:0000ba40       mdl_outputs_processing     000000018000ca40 f   untitled_sfun_registry.obj
 0001:0000bb60       mdl_zeroCrossings_processing 000000018000cb60 f   untitled_sfun_registry.obj
 0001:0000bba0       mdlZeroCrossings           000000018000cba0 f   untitled_sfun_registry.obj
 0001:0000bbd0       mdl_derivatives_processing 000000018000cbd0 f   untitled_sfun_registry.obj
 0001:0000bc20       mdlDerivatives             000000018000cc20 f   untitled_sfun_registry.obj
 0001:0000bc50       mdl_initialize_conditions_processing 000000018000cc50 f   untitled_sfun_registry.obj
 0001:0000bca0       mdlInitializeConditions    000000018000cca0 f   untitled_sfun_registry.obj
 0001:0000bcd0       mdl_ext_mode_exec_processing 000000018000ccd0 f   untitled_sfun_registry.obj
 0001:0000bd10       mdlExtModeExec             000000018000cd10 f   untitled_sfun_registry.obj
 0001:0000bd40       mdlRTW                     000000018000cd40 f   untitled_sfun_registry.obj
 0001:0000bd80       mdl_enable_processing      000000018000cd80 f   untitled_sfun_registry.obj
 0001:0000bdc0       mdlEnable                  000000018000cdc0 f   untitled_sfun_registry.obj
 0001:0000bdf0       mdl_disable_processing     000000018000cdf0 f   untitled_sfun_registry.obj
 0001:0000be30       mdlDisable                 000000018000ce30 f   untitled_sfun_registry.obj
 0001:0000be60       mdlOutputs                 000000018000ce60 f   untitled_sfun_registry.obj
 0001:0000be90       mdl_update_processing      000000018000ce90 f   untitled_sfun_registry.obj
 0001:0000bee0       mdlUpdate                  000000018000cee0 f   untitled_sfun_registry.obj
 0001:0000c0c0       mdlGetTimeOfNextVarHit     000000018000d0c0 f   untitled_sfun_registry.obj
 0001:0000c110       _RegNumInputPortsCB        000000018000d110 f   untitled_sfun_registry.obj
 0001:0000c190       _RegNumOutputPortsCB       000000018000d190 f   untitled_sfun_registry.obj
 0001:0000c210       _CreateSimStruct           000000018000d210 f   untitled_sfun_registry.obj
 0001:0000c410       _ProcessMexSfunctionCmdLineCall 000000018000d410 f   untitled_sfun_registry.obj
 0001:0000ce60       ReportIndexOutOfBoundsError 000000018000de60 f   untitled_sfun_registry.obj
 0001:0000d530       $$000000                   000000018000e530     MSVCRT:amdsecgs.obj
 0001:0000d584       pre_c_init                 000000018000e584 f   MSVCRT:crtdll.obj
 0001:0000d87c       __DllMainCRTStartup        000000018000e87c f   MSVCRT:crtdll.obj
 0001:0000dd90       __DllMainCRTStartup$filt$0 000000018000ed90 f   MSVCRT:crtdll.obj
 0001:0000ddb5       __DllMainCRTStartup$fin$1  000000018000edb5 f   MSVCRT:crtdll.obj
 0001:0000ddd0       _IsNonwritableInCurrentImage$filt$0 000000018000edd0 f   MSVCRT:pesect.obj
 0001:0000ddf0       _onexit$fin$0              000000018000edf0 f   MSVCRT:atonexit.obj
 0002:00000460       pcinit                     000000018000f460     MSVCRT:crtdll.obj
 0002:00000468       pinit                      000000018000f468     MSVCRT:atonexit.obj
 0002:00000550       GS_ExceptionPointers       000000018000f550     MSVCRT:gs_report.obj
 0002:00000610       $unwind$load_untitled_optimization_info 000000018000f610     untitled_sfun.obj
 0002:00000618       $unwind$unload_untitled_optimization_info 000000018000f618     untitled_sfun.obj
 0002:00000620       $unwind$sf_untitled_method_dispatcher 000000018000f620     untitled_sfun.obj
 0002:00000628       $unwind$sf_untitled_process_check_sum_call 000000018000f628     untitled_sfun.obj
 0002:00000638       $unwind$sf_untitled_autoinheritance_info 000000018000f638     untitled_sfun.obj
 0002:00000648       $unwind$sf_untitled_get_eml_resolved_functions_info 000000018000f648     untitled_sfun.obj
 0002:00000658       $unwind$sf_untitled_third_party_uses_info 000000018000f658     untitled_sfun.obj
 0002:00000668       $unwind$sf_untitled_jit_fallback_info 000000018000f668     untitled_sfun.obj
 0002:00000678       $unwind$sf_untitled_updateBuildInfo_args_info 000000018000f678     untitled_sfun.obj
 0002:00000688       $unwind$untitled_debug_initialize 000000018000f688     untitled_sfun.obj
 0002:00000690       $unwind$sf_c1_untitled_get_eml_resolved_functions_info 000000018000f690     c1_untitled.obj
 0002:00000698       $unwind$sf_c1_untitled_get_check_sum 000000018000f698     c1_untitled.obj
 0002:000006a0       $unwind$c1_untitled_method_dispatcher 000000018000f6a0     c1_untitled.obj
 0002:000006a8       $unwind$chart_debug_initialization 000000018000f6a8     c1_untitled.obj
 0002:000006b0       $unwind$chart_debug_initialize_data_addresses 000000018000f6b0     c1_untitled.obj
 0002:000006b8       $unwind$initialize_c1_untitled 000000018000f6b8     c1_untitled.obj
 0002:000006c0       $unwind$enable_c1_untitled 000000018000f6c0     c1_untitled.obj
 0002:000006c8       $unwind$disable_c1_untitled 000000018000f6c8     c1_untitled.obj
 0002:000006d0       $unwind$get_sim_state_c1_untitled 000000018000f6d0     c1_untitled.obj
 0002:000006d8       $unwind$set_sim_state_c1_untitled 000000018000f6d8     c1_untitled.obj
 0002:000006e0       $unwind$sf_gateway_c1_untitled 000000018000f6e0     c1_untitled.obj
 0002:000006f0       $unwind$c1_sf_marshallOut  000000018000f6f0     c1_untitled.obj
 0002:000006f8       $unwind$c1_emlrt_marshallIn 000000018000f6f8     c1_untitled.obj
 0002:00000700       $unwind$c1_b_emlrt_marshallIn 000000018000f700     c1_untitled.obj
 0002:00000708       $unwind$c1_sf_marshallIn   000000018000f708     c1_untitled.obj
 0002:00000710       $unwind$c1_b_sf_marshallOut 000000018000f710     c1_untitled.obj
 0002:00000718       $unwind$c1_c_emlrt_marshallIn 000000018000f718     c1_untitled.obj
 0002:00000720       $unwind$c1_b_sf_marshallIn 000000018000f720     c1_untitled.obj
 0002:00000728       $unwind$c1_e_emlrt_marshallIn 000000018000f728     c1_untitled.obj
 0002:00000730       $unwind$c1_f_emlrt_marshallIn 000000018000f730     c1_untitled.obj
 0002:00000738       $unwind$init_simulink_io_address 000000018000f738     c1_untitled.obj
 0002:00000740       $unwind$sf_c1_untitled_get_post_codegen_info 000000018000f740     c1_untitled.obj
 0002:00000748       $unwind$sf_c1_untitled_get_autoinheritance_info 000000018000f748     c1_untitled.obj
 0002:00000758       $unwind$sf_c1_untitled_third_party_uses_info 000000018000f758     c1_untitled.obj
 0002:00000760       $unwind$sf_c1_untitled_jit_fallback_info 000000018000f760     c1_untitled.obj
 0002:00000770       $unwind$sf_c1_untitled_updateBuildInfo_args_info 000000018000f770     c1_untitled.obj
 0002:00000778       $unwind$sf_get_sim_state_info_c1_untitled 000000018000f778     c1_untitled.obj
 0002:00000780       $unwind$sf_opaque_initialize_c1_untitled 000000018000f780     c1_untitled.obj
 0002:00000788       $unwind$sf_opaque_enable_c1_untitled 000000018000f788     c1_untitled.obj
 0002:00000790       $unwind$sf_opaque_disable_c1_untitled 000000018000f790     c1_untitled.obj
 0002:00000798       $unwind$sf_opaque_gateway_c1_untitled 000000018000f798     c1_untitled.obj
 0002:000007a0       $unwind$sf_opaque_get_sim_state_c1_untitled 000000018000f7a0     c1_untitled.obj
 0002:000007a8       $unwind$sf_opaque_set_sim_state_c1_untitled 000000018000f7a8     c1_untitled.obj
 0002:000007b0       $unwind$sf_opaque_terminate_c1_untitled 000000018000f7b0     c1_untitled.obj
 0002:000007b8       $unwind$mdlProcessParameters_c1_untitled 000000018000f7b8     c1_untitled.obj
 0002:000007c0       $unwind$mdlSetWorkWidths_c1_untitled 000000018000f7c0     c1_untitled.obj
 0002:000007c8       $unwind$mdlRTW_c1_untitled 000000018000f7c8     c1_untitled.obj
 0002:000007d0       $unwind$mdlStart_c1_untitled 000000018000f7d0     c1_untitled.obj
 0002:000007d8       $unwind$mexFunction        000000018000f7d8     untitled_sfun_registry.obj
 0002:000007e8       $unwind$_ssSetInputPortDirectFeedThroughFcn 000000018000f7e8     untitled_sfun_registry.obj
 0002:000007f8       $unwind$_ssGetInputPortSignalPtrsFcn 000000018000f7f8     untitled_sfun_registry.obj
 0002:00000808       $unwind$_ssGetInputPortSignalFcn 000000018000f808     untitled_sfun_registry.obj
 0002:00000818       $unwind$_ssSetInputPortReusableFcn 000000018000f818     untitled_sfun_registry.obj
 0002:00000820       $unwind$_ssSetOutputPortReusableFcn 000000018000f820     untitled_sfun_registry.obj
 0002:00000828       $unwind$_ssSetSymbolicDimsSupport 000000018000f828     untitled_sfun_registry.obj
 0002:00000830       $unwind$_ssRegisterSymbolicDimsExpr 000000018000f830     untitled_sfun_registry.obj
 0002:00000838       $unwind$_ssRegisterSymbolicDims 000000018000f838     untitled_sfun_registry.obj
 0002:00000840       $unwind$_ssRegisterSymbolicDimsString 000000018000f840     untitled_sfun_registry.obj
 0002:00000848       $unwind$_ssRegisterSymbolicDimsIntValue 000000018000f848     untitled_sfun_registry.obj
 0002:00000850       $unwind$_ssRegisterSymbolicDimsPlus 000000018000f850     untitled_sfun_registry.obj
 0002:00000858       $unwind$_ssRegisterSymbolicDimsMinus 000000018000f858     untitled_sfun_registry.obj
 0002:00000860       $unwind$_ssRegisterSymbolicDimsMultiply 000000018000f860     untitled_sfun_registry.obj
 0002:00000868       $unwind$_ssRegisterSymbolicDimsDivide 000000018000f868     untitled_sfun_registry.obj
 0002:00000870       $unwind$_ssGetNumSymbolicDims 000000018000f870     untitled_sfun_registry.obj
 0002:00000878       $unwind$_ssGetSymbolicDim  000000018000f878     untitled_sfun_registry.obj
 0002:00000880       $unwind$_ssSetInputPortSymbolicDimsId 000000018000f880     untitled_sfun_registry.obj
 0002:00000888       $unwind$_ssGetCompInputPortSymbolicDimsId 000000018000f888     untitled_sfun_registry.obj
 0002:00000890       $unwind$_ssSetCompInputPortSymbolicDimsId 000000018000f890     untitled_sfun_registry.obj
 0002:00000898       $unwind$_ssSetOutputPortSymbolicDimsId 000000018000f898     untitled_sfun_registry.obj
 0002:000008a0       $unwind$_ssGetCompOutputPortSymbolicDimsId 000000018000f8a0     untitled_sfun_registry.obj
 0002:000008a8       $unwind$_ssSetCompOutputPortSymbolicDimsId 000000018000f8a8     untitled_sfun_registry.obj
 0002:000008b0       $unwind$_ssSetCompDWorkSymbolicDimsId 000000018000f8b0     untitled_sfun_registry.obj
 0002:000008b8       $unwind$ssGetIsZeroCrossControlDisabled 000000018000f8b8     untitled_sfun_registry.obj
 0002:000008c0       $unwind$ssSetIsInputPortUsedForContZcSignal 000000018000f8c0     untitled_sfun_registry.obj
 0002:000008c8       $unwind$ssSetZcSignalIsZcElementDisc 000000018000f8c8     untitled_sfun_registry.obj
 0002:000008d8       $unwind$ssSetZcSignalName  000000018000f8d8     untitled_sfun_registry.obj
 0002:000008e0       $unwind$ssSetZcSignalWidth 000000018000f8e0     untitled_sfun_registry.obj
 0002:000008e8       $unwind$ssSetZcSignalZcEventType 000000018000f8e8     untitled_sfun_registry.obj
 0002:000008f0       $unwind$ssSetZcSignalType  000000018000f8f0     untitled_sfun_registry.obj
 0002:000008f8       $unwind$ssSetZcSignalZcTol 000000018000f8f8     untitled_sfun_registry.obj
 0002:00000900       $unwind$ssSetZcSignalNeedsEventNotification 000000018000f900     untitled_sfun_registry.obj
 0002:00000908       $unwind$ssCreateAndAddZcSignalInfo 000000018000f908     untitled_sfun_registry.obj
 0002:00000910       $unwind$ssCloneAndAddZcSignalInfo 000000018000f910     untitled_sfun_registry.obj
 0002:00000918       $unwind$ssGetNumZcSignals  000000018000f918     untitled_sfun_registry.obj
 0002:00000920       $unwind$ssGetZcSignalVector 000000018000f920     untitled_sfun_registry.obj
 0002:00000928       $unwind$ssGetZcSignalName  000000018000f928     untitled_sfun_registry.obj
 0002:00000930       $unwind$ssGetZcSignalWidth 000000018000f930     untitled_sfun_registry.obj
 0002:00000938       $unwind$ssGetZcSignalZcEventType 000000018000f938     untitled_sfun_registry.obj
 0002:00000940       $unwind$ssGetZcSignalZcEvents 000000018000f940     untitled_sfun_registry.obj
 0002:00000948       $unwind$ssGetZcSignalType  000000018000f948     untitled_sfun_registry.obj
 0002:00000950       $unwind$ssGetZcSignalZcTol 000000018000f950     untitled_sfun_registry.obj
 0002:00000958       $unwind$ssGetZcSignalNeedsEventNotification 000000018000f958     untitled_sfun_registry.obj
 0002:00000960       $unwind$ssGetZcSignalIsZcElementDisc 000000018000f960     untitled_sfun_registry.obj
 0002:00000970       $unwind$ssGetIsInputPortElementContinuous 000000018000f970     untitled_sfun_registry.obj
 0002:00000980       $unwind$_ssSetIWorkValueFcn 000000018000f980     untitled_sfun_registry.obj
 0002:00000988       $unwind$_ssGetIWorkValueFcn 000000018000f988     untitled_sfun_registry.obj
 0002:00000990       $unwind$_ssSetRWorkValueFcn 000000018000f990     untitled_sfun_registry.obj
 0002:00000998       $unwind$_ssGetRWorkValueFcn 000000018000f998     untitled_sfun_registry.obj
 0002:000009a0       $unwind$_ssSetPWorkValueFcn 000000018000f9a0     untitled_sfun_registry.obj
 0002:000009a8       $unwind$_ssGetPWorkValueFcn 000000018000f9a8     untitled_sfun_registry.obj
 0002:000009b0       $unwind$ssGetDTypeIdFromMxArray 000000018000f9b0     untitled_sfun_registry.obj
 0002:000009b8       $unwind$ssWriteRTWStr      000000018000f9b8     untitled_sfun_registry.obj
 0002:000009c0       $unwind$ssWriteRTWNameValuePair 000000018000f9c0     untitled_sfun_registry.obj
 0002:000009c8       $unwind$ssWriteRTWParamSettings 000000018000f9c8     untitled_sfun_registry.obj
 0002:000009d0       $unwind$ssWriteRTWParameters 000000018000f9d0     untitled_sfun_registry.obj
 0002:000009d8       $unwind$ssWriteRTWWorkVect 000000018000f9d8     untitled_sfun_registry.obj
 0002:000009ec       $unwind$ssWriteRTWMxVectParam 000000018000f9ec     untitled_sfun_registry.obj
 0002:000009f4       $unwind$ssWriteRTWMx2dMatParam 000000018000f9f4     untitled_sfun_registry.obj
 0002:000009fc       $unwind$_ssSetInputPortMatrixDimensions 000000018000f9fc     untitled_sfun_registry.obj
 0002:00000a08       $unwind$_ssSetOutputPortMatrixDimensions 000000018000fa08     untitled_sfun_registry.obj
 0002:00000a14       $unwind$_ssSetInputPortVectorDimension 000000018000fa14     untitled_sfun_registry.obj
 0002:00000a20       $unwind$_ssSetOutputPortVectorDimension 000000018000fa20     untitled_sfun_registry.obj
 0002:00000a2c       $unwind$ssIsRunTimeParamTunable 000000018000fa2c     untitled_sfun_registry.obj
 0002:00000a34       $unwind$ssGetSFuncBlockHandle 000000018000fa34     untitled_sfun_registry.obj
 0002:00000a3c       $unwind$_ssGetCurrentInputPortWidth 000000018000fa3c     untitled_sfun_registry.obj
 0002:00000a44       $unwind$_ssGetCurrentOutputPortWidth 000000018000fa44     untitled_sfun_registry.obj
 0002:00000a4c       $unwind$_ssGetCallSystemNumFcnCallDestinations 000000018000fa4c     untitled_sfun_registry.obj
 0002:00000a54       $unwind$ssGetParameterTuningCompliance 000000018000fa54     untitled_sfun_registry.obj
 0002:00000a5c       $unwind$ssWarning          000000018000fa5c     untitled_sfun_registry.obj
 0002:00000a70       $unwind$_ssGetAbsTol       000000018000fa70     untitled_sfun_registry.obj
 0002:00000a78       $unwind$sf_process_check_sum_call 000000018000fa78     untitled_sfun_registry.obj
 0002:00000a80       $unwind$sf_process_autoinheritance_call 000000018000fa80     untitled_sfun_registry.obj
 0002:00000a90       $unwind$sf_process_get_third_party_uses_info_call 000000018000fa90     untitled_sfun_registry.obj
 0002:00000aa0       $unwind$sf_process_get_jit_fallback_info_call 000000018000faa0     untitled_sfun_registry.obj
 0002:00000ab0       $unwind$sf_process_get_updateBuildInfo_args_info_call 000000018000fab0     untitled_sfun_registry.obj
 0002:00000ac0       $unwind$sf_process_get_eml_resolved_functions_info_call 000000018000fac0     untitled_sfun_registry.obj
 0002:00000ad0       $unwind$sf_mex_unlock_call 000000018000fad0     untitled_sfun_registry.obj
 0002:00000ae0       $unwind$sf_debug_api_wrapper 000000018000fae0     untitled_sfun_registry.obj
 0002:00000ae8       $unwind$ProcessMexSfunctionCmdLineCall 000000018000fae8     untitled_sfun_registry.obj
 0002:00000af0       $unwind$sf_machine_global_initializer_called 000000018000faf0     untitled_sfun_registry.obj
 0002:00000af8       $unwind$sf_machine_global_method_dispatcher 000000018000faf8     untitled_sfun_registry.obj
 0002:00000b00       $unwind$sf_machine_global_terminator 000000018000fb00     untitled_sfun_registry.obj
 0002:00000b08       $unwind$sf_register_machine_exported_symbols 000000018000fb08     untitled_sfun_registry.obj
 0002:00000b10       $unwind$sf_machine_global_initializer 000000018000fb10     untitled_sfun_registry.obj
 0002:00000b18       $unwind$mdlGetSimState     000000018000fb18     untitled_sfun_registry.obj
 0002:00000b20       $unwind$mdlSetSimState     000000018000fb20     untitled_sfun_registry.obj
 0002:00000b28       $unwind$mdlSetWorkWidths   000000018000fb28     untitled_sfun_registry.obj
 0002:00000b30       $unwind$mdlProcessParameters 000000018000fb30     untitled_sfun_registry.obj
 0002:00000b38       $unwind$mdl_start_processing 000000018000fb38     untitled_sfun_registry.obj
 0002:00000b40       $unwind$mdl_terminate_processing 000000018000fb40     untitled_sfun_registry.obj
 0002:00000b48       $unwind$mdlStart           000000018000fb48     untitled_sfun_registry.obj
 0002:00000b50       $unwind$mdlTerminate       000000018000fb50     untitled_sfun_registry.obj
[...]
 0003:00002940       $SG18466                   0000000180013940     c1_untitled.obj
 0003:00002941       $SG18468                   0000000180013941     c1_untitled.obj
 0003:00002942       $SG18483                   0000000180013942     c1_untitled.obj
 0003:00002948       _sfTime_                   0000000180013948     c1_untitled.obj
 0003:00002950       $SG19887                   0000000180013950     untitled_sfun_registry.obj
 0003:00002960       sfGlobalMdlStartCallCounts 0000000180013960     untitled_sfun_registry.obj
 0003:00002970       ?msg@?3??ReportIndexOutOfBoundsError@@9@9 0000000180013970     untitled_sfun_registry.obj
 0003:00003970       GS_ExceptionRecord         0000000180014970     MSVCRT:gs_report.obj
 0003:00003a10       GS_ContextRecord           0000000180014a10     MSVCRT:gs_report.obj
 0003:00003ee0       DebuggerWasPresent         0000000180014ee0     MSVCRT:gs_report.obj
 0003:00003ee4       __proc_attached            0000000180014ee4     MSVCRT:crtdll.obj
 0004:00000000       $pdata$load_untitled_optimization_info 0000000180015000     untitled_sfun.obj
 0004:0000000c       $pdata$unload_untitled_optimization_info 000000018001500c     untitled_sfun.obj
 0004:00000018       $pdata$sf_untitled_method_dispatcher 0000000180015018     untitled_sfun.obj
 0004:00000024       $pdata$sf_untitled_process_check_sum_call 0000000180015024     untitled_sfun.obj
 0004:00000030       $pdata$sf_untitled_autoinheritance_info 0000000180015030     untitled_sfun.obj
 0004:0000003c       $pdata$sf_untitled_get_eml_resolved_functions_info 000000018001503c     untitled_sfun.obj
 0004:00000048       $pdata$sf_untitled_third_party_uses_info 0000000180015048     untitled_sfun.obj
 0004:00000054       $pdata$sf_untitled_jit_fallback_info 0000000180015054     untitled_sfun.obj
 0004:00000060       $pdata$sf_untitled_updateBuildInfo_args_info 0000000180015060     untitled_sfun.obj
 0004:0000006c       $pdata$untitled_debug_initialize 000000018001506c     untitled_sfun.obj
 0004:00000078       $pdata$sf_c1_untitled_get_eml_resolved_functions_info 0000000180015078     c1_untitled.obj
 0004:00000084       $pdata$sf_c1_untitled_get_check_sum 0000000180015084     c1_untitled.obj
 0004:00000090       $pdata$c1_untitled_method_dispatcher 0000000180015090     c1_untitled.obj
 0004:0000009c       $pdata$chart_debug_initialization 000000018001509c     c1_untitled.obj
 0004:000000a8       $pdata$chart_debug_initialize_data_addresses 00000001800150a8     c1_untitled.obj
 0004:000000b4       $pdata$initialize_c1_untitled 00000001800150b4     c1_untitled.obj
 0004:000000c0       $pdata$enable_c1_untitled  00000001800150c0     c1_untitled.obj
 0004:000000cc       $pdata$disable_c1_untitled 00000001800150cc     c1_untitled.obj
 0004:000000d8       $pdata$get_sim_state_c1_untitled 00000001800150d8     c1_untitled.obj
 0004:000000e4       $pdata$set_sim_state_c1_untitled 00000001800150e4     c1_untitled.obj
 0004:000000f0       $pdata$sf_gateway_c1_untitled 00000001800150f0     c1_untitled.obj
 0004:000000fc       $pdata$c1_sf_marshallOut   00000001800150fc     c1_untitled.obj
 0004:00000108       $pdata$c1_emlrt_marshallIn 0000000180015108     c1_untitled.obj
 0004:00000114       $pdata$c1_b_emlrt_marshallIn 0000000180015114     c1_untitled.obj
 0004:00000120       $pdata$c1_sf_marshallIn    0000000180015120     c1_untitled.obj
 0004:0000012c       $pdata$c1_b_sf_marshallOut 000000018001512c     c1_untitled.obj
 0004:00000138       $pdata$c1_c_emlrt_marshallIn 0000000180015138     c1_untitled.obj
 0004:00000144       $pdata$c1_b_sf_marshallIn  0000000180015144     c1_untitled.obj
 0004:00000150       $pdata$c1_e_emlrt_marshallIn 0000000180015150     c1_untitled.obj
 0004:0000015c       $pdata$c1_f_emlrt_marshallIn 000000018001515c     c1_untitled.obj
 0004:00000168       $pdata$init_simulink_io_address 0000000180015168     c1_untitled.obj
 0004:00000174       $pdata$sf_c1_untitled_get_post_codegen_info 0000000180015174     c1_untitled.obj
 0004:00000180       $pdata$sf_c1_untitled_get_autoinheritance_info 0000000180015180     c1_untitled.obj
 0004:0000018c       $pdata$sf_c1_untitled_third_party_uses_info 000000018001518c     c1_untitled.obj
 0004:00000198       $pdata$sf_c1_untitled_jit_fallback_info 0000000180015198     c1_untitled.obj
 0004:000001a4       $pdata$sf_c1_untitled_updateBuildInfo_args_info 00000001800151a4     c1_untitled.obj
 0004:000001b0       $pdata$sf_get_sim_state_info_c1_untitled 00000001800151b0     c1_untitled.obj
 0004:000001bc       $pdata$sf_opaque_initialize_c1_untitled 00000001800151bc     c1_untitled.obj
 0004:000001c8       $pdata$sf_opaque_enable_c1_untitled 00000001800151c8     c1_untitled.obj
 0004:000001d4       $pdata$sf_opaque_disable_c1_untitled 00000001800151d4     c1_untitled.obj
 0004:000001e0       $pdata$sf_opaque_gateway_c1_untitled 00000001800151e0     c1_untitled.obj
 0004:000001ec       $pdata$sf_opaque_get_sim_state_c1_untitled 00000001800151ec     c1_untitled.obj
 0004:000001f8       $pdata$sf_opaque_set_sim_state_c1_untitled 00000001800151f8     c1_untitled.obj
 0004:00000204       $pdata$sf_opaque_terminate_c1_untitled 0000000180015204     c1_untitled.obj
 0004:00000210       $pdata$mdlProcessParameters_c1_untitled 0000000180015210     c1_untitled.obj
 0004:0000021c       $pdata$mdlSetWorkWidths_c1_untitled 000000018001521c     c1_untitled.obj
 0004:00000228       $pdata$mdlRTW_c1_untitled  0000000180015228     c1_untitled.obj
 0004:00000234       $pdata$mdlStart_c1_untitled 0000000180015234     c1_untitled.obj
 0004:00000240       $pdata$mexFunction         0000000180015240     untitled_sfun_registry.obj
 0004:0000024c       $pdata$_ssSetInputPortDirectFeedThroughFcn 000000018001524c     untitled_sfun_registry.obj
 0004:00000258       $pdata$_ssGetInputPortSignalPtrsFcn 0000000180015258     untitled_sfun_registry.obj
 0004:00000264       $pdata$_ssGetInputPortSignalFcn 0000000180015264     untitled_sfun_registry.obj
 0004:00000270       $pdata$_ssSetInputPortReusableFcn 0000000180015270     untitled_sfun_registry.obj
 0004:0000027c       $pdata$_ssSetOutputPortReusableFcn 000000018001527c     untitled_sfun_registry.obj
 0004:00000288       $pdata$_ssSetSymbolicDimsSupport 0000000180015288     untitled_sfun_registry.obj
 0004:00000294       $pdata$_ssRegisterSymbolicDimsExpr 0000000180015294     untitled_sfun_registry.obj
 0004:000002a0       $pdata$_ssRegisterSymbolicDims 00000001800152a0     untitled_sfun_registry.obj
 0004:000002ac       $pdata$_ssRegisterSymbolicDimsString 00000001800152ac     untitled_sfun_registry.obj
 0004:000002b8       $pdata$_ssRegisterSymbolicDimsIntValue 00000001800152b8     untitled_sfun_registry.obj
 0004:000002c4       $pdata$_ssRegisterSymbolicDimsPlus 00000001800152c4     untitled_sfun_registry.obj
 0004:000002d0       $pdata$_ssRegisterSymbolicDimsMinus 00000001800152d0     untitled_sfun_registry.obj
 0004:000002dc       $pdata$_ssRegisterSymbolicDimsMultiply 00000001800152dc     untitled_sfun_registry.obj
 0004:000002e8       $pdata$_ssRegisterSymbolicDimsDivide 00000001800152e8     untitled_sfun_registry.obj
 0004:000002f4       $pdata$_ssGetNumSymbolicDims 00000001800152f4     untitled_sfun_registry.obj
 0004:00000300       $pdata$_ssGetSymbolicDim   0000000180015300     untitled_sfun_registry.obj
 0004:0000030c       $pdata$_ssSetInputPortSymbolicDimsId 000000018001530c     untitled_sfun_registry.obj
 0004:00000318       $pdata$_ssGetCompInputPortSymbolicDimsId 0000000180015318     untitled_sfun_registry.obj
 0004:00000324       $pdata$_ssSetCompInputPortSymbolicDimsId 0000000180015324     untitled_sfun_registry.obj
 0004:00000330       $pdata$_ssSetOutputPortSymbolicDimsId 0000000180015330     untitled_sfun_registry.obj
 0004:0000033c       $pdata$_ssGetCompOutputPortSymbolicDimsId 000000018001533c     untitled_sfun_registry.obj
 0004:00000348       $pdata$_ssSetCompOutputPortSymbolicDimsId 0000000180015348     untitled_sfun_registry.obj
 0004:00000354       $pdata$_ssSetCompDWorkSymbolicDimsId 0000000180015354     untitled_sfun_registry.obj
 0004:00000360       $pdata$ssGetIsZeroCrossControlDisabled 0000000180015360     untitled_sfun_registry.obj
 0004:0000036c       $pdata$ssSetIsInputPortUsedForContZcSignal 000000018001536c     untitled_sfun_registry.obj
 0004:00000378       $pdata$ssSetZcSignalIsZcElementDisc 0000000180015378     untitled_sfun_registry.obj
 0004:00000384       $pdata$ssSetZcSignalName   0000000180015384     untitled_sfun_registry.obj
 0004:00000390       $pdata$ssSetZcSignalWidth  0000000180015390     untitled_sfun_registry.obj
 0004:0000039c       $pdata$ssSetZcSignalZcEventType 000000018001539c     untitled_sfun_registry.obj
 0004:000003a8       $pdata$ssSetZcSignalType   00000001800153a8     untitled_sfun_registry.obj
 0004:000003b4       $pdata$ssSetZcSignalZcTol  00000001800153b4     untitled_sfun_registry.obj
 0004:000003c0       $pdata$ssSetZcSignalNeedsEventNotification 00000001800153c0     untitled_sfun_registry.obj
 0004:000003cc       $pdata$ssCreateAndAddZcSignalInfo 00000001800153cc     untitled_sfun_registry.obj
 0004:000003d8       $pdata$ssCloneAndAddZcSignalInfo 00000001800153d8     untitled_sfun_registry.obj
 0004:000003e4       $pdata$ssGetNumZcSignals   00000001800153e4     untitled_sfun_registry.obj
 0004:000003f0       $pdata$ssGetZcSignalVector 00000001800153f0     untitled_sfun_registry.obj
 0004:000003fc       $pdata$ssGetZcSignalName   00000001800153fc     untitled_sfun_registry.obj
 0004:00000408       $pdata$ssGetZcSignalWidth  0000000180015408     untitled_sfun_registry.obj
 0004:00000414       $pdata$ssGetZcSignalZcEventType 0000000180015414     untitled_sfun_registry.obj
 0004:00000420       $pdata$ssGetZcSignalZcEvents 0000000180015420     untitled_sfun_registry.obj
 0004:0000042c       $pdata$ssGetZcSignalType   000000018001542c     untitled_sfun_registry.obj
 0004:00000438       $pdata$ssGetZcSignalZcTol  0000000180015438     untitled_sfun_registry.obj
 0004:00000444       $pdata$ssGetZcSignalNeedsEventNotification 0000000180015444     untitled_sfun_registry.obj
 0004:00000450       $pdata$ssGetZcSignalIsZcElementDisc 0000000180015450     untitled_sfun_registry.obj
 0004:0000045c       $pdata$ssGetIsInputPortElementContinuous 000000018001545c     untitled_sfun_registry.obj
 0004:00000468       $pdata$_ssSetIWorkValueFcn 0000000180015468     untitled_sfun_registry.obj
 0004:00000474       $pdata$_ssGetIWorkValueFcn 0000000180015474     untitled_sfun_registry.obj
 0004:00000480       $pdata$_ssSetRWorkValueFcn 0000000180015480     untitled_sfun_registry.obj
 0004:0000048c       $pdata$_ssGetRWorkValueFcn 000000018001548c     untitled_sfun_registry.obj
 0004:00000498       $pdata$_ssSetPWorkValueFcn 0000000180015498     untitled_sfun_registry.obj
 0004:000004a4       $pdata$_ssGetPWorkValueFcn 00000001800154a4     untitled_sfun_registry.obj
 0004:000004b0       $pdata$ssGetDTypeIdFromMxArray 00000001800154b0     untitled_sfun_registry.obj
 0004:000004bc       $pdata$ssWriteRTWStr       00000001800154bc     untitled_sfun_registry.obj
 0004:000004c8       $pdata$ssWriteRTWNameValuePair 00000001800154c8     untitled_sfun_registry.obj
 0004:000004d4       $pdata$ssWriteRTWParamSettings 00000001800154d4     untitled_sfun_registry.obj
 0004:000004e0       $pdata$ssWriteRTWParameters 00000001800154e0     untitled_sfun_registry.obj
 0004:000004ec       $pdata$ssWriteRTWWorkVect  00000001800154ec     untitled_sfun_registry.obj
 0004:000004f8       $pdata$ssWriteRTWMxVectParam 00000001800154f8     untitled_sfun_registry.obj
 0004:00000504       $pdata$ssWriteRTWMx2dMatParam 0000000180015504     untitled_sfun_registry.obj
 0004:00000510       $pdata$_ssSetInputPortMatrixDimensions 0000000180015510     untitled_sfun_registry.obj
 0004:0000051c       $pdata$_ssSetOutputPortMatrixDimensions 000000018001551c     untitled_sfun_registry.obj
 0004:00000528       $pdata$_ssSetInputPortVectorDimension 0000000180015528     untitled_sfun_registry.obj
 0004:00000534       $pdata$_ssSetOutputPortVectorDimension 0000000180015534     untitled_sfun_registry.obj
 0004:00000540       $pdata$ssIsRunTimeParamTunable 0000000180015540     untitled_sfun_registry.obj
 0004:0000054c       $pdata$ssGetSFuncBlockHandle 000000018001554c     untitled_sfun_registry.obj
 0004:00000558       $pdata$_ssGetCurrentInputPortWidth 0000000180015558     untitled_sfun_registry.obj
 0004:00000564       $pdata$_ssGetCurrentOutputPortWidth 0000000180015564     untitled_sfun_registry.obj
 0004:00000570       $pdata$_ssGetCallSystemNumFcnCallDestinations 0000000180015570     untitled_sfun_registry.obj
 0004:0000057c       $pdata$ssGetParameterTuningCompliance 000000018001557c     untitled_sfun_registry.obj
 0004:00000588       $pdata$ssWarning           0000000180015588     untitled_sfun_registry.obj
 0004:00000594       $pdata$_ssGetAbsTol        0000000180015594     untitled_sfun_registry.obj
 0004:000005a0       $pdata$sf_process_check_sum_call 00000001800155a0     untitled_sfun_registry.obj
 0004:000005ac       $pdata$sf_process_autoinheritance_call 00000001800155ac     untitled_sfun_registry.obj
 0004:000005b8       $pdata$sf_process_get_third_party_uses_info_call 00000001800155b8     untitled_sfun_registry.obj
 0004:000005c4       $pdata$sf_process_get_jit_fallback_info_call 00000001800155c4     untitled_sfun_registry.obj
 0004:000005d0       $pdata$sf_process_get_updateBuildInfo_args_info_call 00000001800155d0     untitled_sfun_registry.obj
 0004:000005dc       $pdata$sf_process_get_eml_resolved_functions_info_call 00000001800155dc     untitled_sfun_registry.obj
 0004:000005e8       $pdata$sf_mex_unlock_call  00000001800155e8     untitled_sfun_registry.obj
 0004:000005f4       $pdata$sf_debug_api_wrapper 00000001800155f4     untitled_sfun_registry.obj
 0004:00000600       $pdata$ProcessMexSfunctionCmdLineCall 0000000180015600     untitled_sfun_registry.obj
 0004:0000060c       $pdata$sf_machine_global_initializer_called 000000018001560c     untitled_sfun_registry.obj
 0004:00000618       $pdata$sf_machine_global_method_dispatcher 0000000180015618     untitled_sfun_registry.obj
 0004:00000624       $pdata$sf_machine_global_terminator 0000000180015624     untitled_sfun_registry.obj
 0004:00000630       $pdata$sf_register_machine_exported_symbols 0000000180015630     untitled_sfun_registry.obj
 0004:0000063c       $pdata$sf_machine_global_initializer 000000018001563c     untitled_sfun_registry.obj
 0004:00000648       $pdata$mdlGetSimState      0000000180015648     untitled_sfun_registry.obj
 0004:00000654       $pdata$mdlSetSimState      0000000180015654     untitled_sfun_registry.obj
 0004:00000660       $pdata$mdlSetWorkWidths    0000000180015660     untitled_sfun_registry.obj
 0004:0000066c       $pdata$mdlProcessParameters 000000018001566c     untitled_sfun_registry.obj
 0004:00000678       $pdata$mdl_start_processing 0000000180015678     untitled_sfun_registry.obj
 0004:00000684       $pdata$mdl_terminate_processing 0000000180015684     untitled_sfun_registry.obj
 0004:00000690       $pdata$mdlStart            0000000180015690     untitled_sfun_registry.obj
 0004:0000069c       $pdata$mdlTerminate        000000018001569c     untitled_sfun_registry.obj
 0004:000006a8       $pdata$mdlInitializeSizes  00000001800156a8     untitled_sfun_registry.obj
 0004:000006b4       $pdata$mdlInitializeSampleTimes 00000001800156b4     untitled_sfun_registry.obj
 0004:000006c0       $pdata$mdl_outputs_continuous_legacy 00000001800156c0     untitled_sfun_registry.obj
 0004:000006cc       $pdata$mdl_outputs_processing 00000001800156cc     untitled_sfun_registry.obj
 0004:000006d8       $pdata$mdl_zeroCrossings_processing 00000001800156d8     untitled_sfun_registry.obj
 0004:000006e4       $pdata$mdlZeroCrossings    00000001800156e4     untitled_sfun_registry.obj
 0004:000006f0       $pdata$mdl_derivatives_processing 00000001800156f0     untitled_sfun_registry.obj
 0004:000006fc       $pdata$mdlDerivatives      00000001800156fc     untitled_sfun_registry.obj
 0004:00000708       $pdata$mdl_initialize_conditions_processing 0000000180015708     untitled_sfun_registry.obj
 0004:00000714       $pdata$mdlInitializeConditions 0000000180015714     untitled_sfun_registry.obj
 0004:00000720       $pdata$mdl_ext_mode_exec_processing 0000000180015720     untitled_sfun_registry.obj
 0004:0000072c       $pdata$mdlExtModeExec      000000018001572c     untitled_sfun_registry.obj
 0004:00000738       $pdata$mdlRTW              0000000180015738     untitled_sfun_registry.obj
 0004:00000744       $pdata$mdl_enable_processing 0000000180015744     untitled_sfun_registry.obj
 0004:00000750       $pdata$mdlEnable           0000000180015750     untitled_sfun_registry.obj
 0004:0000075c       $pdata$mdl_disable_processing 000000018001575c     untitled_sfun_registry.obj
 0004:00000768       $pdata$mdlDisable          0000000180015768     untitled_sfun_registry.obj
 0004:00000774       $pdata$mdlOutputs          0000000180015774     untitled_sfun_registry.obj
 0004:00000780       $pdata$mdl_update_processing 0000000180015780     untitled_sfun_registry.obj
 0004:0000078c       $pdata$mdlUpdate           000000018001578c     untitled_sfun_registry.obj
 0004:00000798       $pdata$ProcessMexSfunctionEveryCall 0000000180015798     untitled_sfun_registry.obj
 0004:000007a4       $pdata$_RegNumInputPortsCB 00000001800157a4     untitled_sfun_registry.obj
 0004:000007b0       $pdata$_RegNumOutputPortsCB 00000001800157b0     untitled_sfun_registry.obj
 0004:000007bc       $pdata$_CreateSimStruct    00000001800157bc     untitled_sfun_registry.obj
 0004:000007c8       $pdata$_ProcessMexSfunctionCmdLineCall 00000001800157c8     untitled_sfun_registry.obj
 0004:000007d4       $pdata$ReportIndexOutOfBoundsError 00000001800157d4     untitled_sfun_registry.obj
 0004:000007e0       $pdata$__raise_securityfailure 00000001800157e0     MSVCRT:gs_report.obj
 0004:000007ec       $pdata$__report_gsfailure  00000001800157ec     MSVCRT:gs_report.obj
 0004:000007f8       $pdata$__report_rangecheckfailure 00000001800157f8     MSVCRT:gs_report.obj
 0004:00000804       $pdata$__report_securityfailure 0000000180015804     MSVCRT:gs_report.obj
 0004:00000810       $pdata$__report_securityfailureEx 0000000180015810     MSVCRT:gs_report.obj
 0004:0000081c       $pdata$__GSHandlerCheck    000000018001581c     MSVCRT:gshandler.obj
 0004:00000828       $pdata$__GSHandlerCheckCommon 0000000180015828     MSVCRT:gshandler.obj
 0004:00000840       $pdata$pre_c_init          0000000180015840     MSVCRT:crtdll.obj
 0004:0000084c       $pdata$_CRT_INIT           000000018001584c     MSVCRT:crtdll.obj
 0004:00000858       $pdata$_DllMainCRTStartup  0000000180015858     MSVCRT:crtdll.obj
 0004:00000864       $pdata$__DllMainCRTStartup 0000000180015864     MSVCRT:crtdll.obj
 0004:00000870       $pdata$_IsNonwritableInCurrentImage 0000000180015870     MSVCRT:pesect.obj
 0004:0000087c       $pdata$__atonexitinit      000000018001587c     MSVCRT:atonexit.obj
 0004:00000888       $pdata$_onexit             0000000180015888     MSVCRT:atonexit.obj
 0004:00000894       $pdata$atexit              0000000180015894     MSVCRT:atonexit.obj
 0004:000008a0       $pdata$__security_init_cookie 00000001800158a0     MSVCRT:gs_support.obj
 0004:000008ac       $pdata$DllMain             00000001800158ac     MSVCRT:dllmain.obj
 0004:000008b8       $pdata$_RTC_Initialize     00000001800158b8     MSVCRT:initsect.obj
 0004:000008c4       $pdata$_RTC_Terminate      00000001800158c4     MSVCRT:initsect.obj
 0004:000008d0       $pdata$__DllMainCRTStartup$filt$0 00000001800158d0     MSVCRT:crtdll.obj
 0004:000008dc       $pdata$__DllMainCRTStartup$fin$1 00000001800158dc     MSVCRT:crtdll.obj
 0004:000008e8       $pdata$_IsNonwritableInCurrentImage$filt$0 00000001800158e8     MSVCRT:pesect.obj
 0004:000008f4       $pdata$_onexit$fin$0       00000001800158f4     MSVCRT:atonexit.obj
